Archive member included to satisfy reference by file (symbol)

c:/st/stm32cubeide_1.3.0/stm32cubeide/plugins/com.st.stm32cube.ide.mcu.externaltools.gnu-tools-for-stm32.7-2018-q2-update.win32_1.0.0.201904181610/tools/bin/../lib/gcc/arm-none-eabi/7.3.1/../../../../arm-none-eabi/lib/thumb/v7e-m/fpv4-sp/hard\libc_nano.a(lib_a-atoi.o)
                              Core/Src/amw/amw_uart.o (atoi)
c:/st/stm32cubeide_1.3.0/stm32cubeide/plugins/com.st.stm32cube.ide.mcu.externaltools.gnu-tools-for-stm32.7-2018-q2-update.win32_1.0.0.201904181610/tools/bin/../lib/gcc/arm-none-eabi/7.3.1/../../../../arm-none-eabi/lib/thumb/v7e-m/fpv4-sp/hard\libc_nano.a(lib_a-errno.o)
                              Core/Src/syscalls.o (__errno)
c:/st/stm32cubeide_1.3.0/stm32cubeide/plugins/com.st.stm32cube.ide.mcu.externaltools.gnu-tools-for-stm32.7-2018-q2-update.win32_1.0.0.201904181610/tools/bin/../lib/gcc/arm-none-eabi/7.3.1/../../../../arm-none-eabi/lib/thumb/v7e-m/fpv4-sp/hard\libc_nano.a(lib_a-exit.o)
                              c:/st/stm32cubeide_1.3.0/stm32cubeide/plugins/com.st.stm32cube.ide.mcu.externaltools.gnu-tools-for-stm32.7-2018-q2-update.win32_1.0.0.201904181610/tools/bin/../lib/gcc/arm-none-eabi/7.3.1/../../../../arm-none-eabi/lib/thumb/v7e-m/fpv4-sp/hard/crt0.o (exit)
c:/st/stm32cubeide_1.3.0/stm32cubeide/plugins/com.st.stm32cube.ide.mcu.externaltools.gnu-tools-for-stm32.7-2018-q2-update.win32_1.0.0.201904181610/tools/bin/../lib/gcc/arm-none-eabi/7.3.1/../../../../arm-none-eabi/lib/thumb/v7e-m/fpv4-sp/hard\libc_nano.a(lib_a-impure.o)
                              c:/st/stm32cubeide_1.3.0/stm32cubeide/plugins/com.st.stm32cube.ide.mcu.externaltools.gnu-tools-for-stm32.7-2018-q2-update.win32_1.0.0.201904181610/tools/bin/../lib/gcc/arm-none-eabi/7.3.1/../../../../arm-none-eabi/lib/thumb/v7e-m/fpv4-sp/hard\libc_nano.a(lib_a-exit.o) (_global_impure_ptr)
c:/st/stm32cubeide_1.3.0/stm32cubeide/plugins/com.st.stm32cube.ide.mcu.externaltools.gnu-tools-for-stm32.7-2018-q2-update.win32_1.0.0.201904181610/tools/bin/../lib/gcc/arm-none-eabi/7.3.1/../../../../arm-none-eabi/lib/thumb/v7e-m/fpv4-sp/hard\libc_nano.a(lib_a-init.o)
                              c:/st/stm32cubeide_1.3.0/stm32cubeide/plugins/com.st.stm32cube.ide.mcu.externaltools.gnu-tools-for-stm32.7-2018-q2-update.win32_1.0.0.201904181610/tools/bin/../lib/gcc/arm-none-eabi/7.3.1/../../../../arm-none-eabi/lib/thumb/v7e-m/fpv4-sp/hard/crt0.o (__libc_init_array)
c:/st/stm32cubeide_1.3.0/stm32cubeide/plugins/com.st.stm32cube.ide.mcu.externaltools.gnu-tools-for-stm32.7-2018-q2-update.win32_1.0.0.201904181610/tools/bin/../lib/gcc/arm-none-eabi/7.3.1/../../../../arm-none-eabi/lib/thumb/v7e-m/fpv4-sp/hard\libc_nano.a(lib_a-itoa.o)
                              Core/Src/amw/amw_uart.o (itoa)
c:/st/stm32cubeide_1.3.0/stm32cubeide/plugins/com.st.stm32cube.ide.mcu.externaltools.gnu-tools-for-stm32.7-2018-q2-update.win32_1.0.0.201904181610/tools/bin/../lib/gcc/arm-none-eabi/7.3.1/../../../../arm-none-eabi/lib/thumb/v7e-m/fpv4-sp/hard\libc_nano.a(lib_a-memcmp.o)
                              Core/Src/mqtt/MQTTConnectServer.o (memcmp)
c:/st/stm32cubeide_1.3.0/stm32cubeide/plugins/com.st.stm32cube.ide.mcu.externaltools.gnu-tools-for-stm32.7-2018-q2-update.win32_1.0.0.201904181610/tools/bin/../lib/gcc/arm-none-eabi/7.3.1/../../../../arm-none-eabi/lib/thumb/v7e-m/fpv4-sp/hard\libc_nano.a(lib_a-memcpy-stub.o)
                              Core/Src/mqtt/MQTTClient.o (memcpy)
c:/st/stm32cubeide_1.3.0/stm32cubeide/plugins/com.st.stm32cube.ide.mcu.externaltools.gnu-tools-for-stm32.7-2018-q2-update.win32_1.0.0.201904181610/tools/bin/../lib/gcc/arm-none-eabi/7.3.1/../../../../arm-none-eabi/lib/thumb/v7e-m/fpv4-sp/hard\libc_nano.a(lib_a-memset.o)
                              c:/st/stm32cubeide_1.3.0/stm32cubeide/plugins/com.st.stm32cube.ide.mcu.externaltools.gnu-tools-for-stm32.7-2018-q2-update.win32_1.0.0.201904181610/tools/bin/../lib/gcc/arm-none-eabi/7.3.1/../../../../arm-none-eabi/lib/thumb/v7e-m/fpv4-sp/hard/crt0.o (memset)
c:/st/stm32cubeide_1.3.0/stm32cubeide/plugins/com.st.stm32cube.ide.mcu.externaltools.gnu-tools-for-stm32.7-2018-q2-update.win32_1.0.0.201904181610/tools/bin/../lib/gcc/arm-none-eabi/7.3.1/../../../../arm-none-eabi/lib/thumb/v7e-m/fpv4-sp/hard\libc_nano.a(lib_a-printf.o)
                              Core/Src/main.o (printf)
c:/st/stm32cubeide_1.3.0/stm32cubeide/plugins/com.st.stm32cube.ide.mcu.externaltools.gnu-tools-for-stm32.7-2018-q2-update.win32_1.0.0.201904181610/tools/bin/../lib/gcc/arm-none-eabi/7.3.1/../../../../arm-none-eabi/lib/thumb/v7e-m/fpv4-sp/hard\libc_nano.a(lib_a-puts.o)
                              Core/Src/amw/amw_uart.o (puts)
c:/st/stm32cubeide_1.3.0/stm32cubeide/plugins/com.st.stm32cube.ide.mcu.externaltools.gnu-tools-for-stm32.7-2018-q2-update.win32_1.0.0.201904181610/tools/bin/../lib/gcc/arm-none-eabi/7.3.1/../../../../arm-none-eabi/lib/thumb/v7e-m/fpv4-sp/hard\libc_nano.a(lib_a-snprintf.o)
[...]
Memory Configuration

Name             Origin             Length             Attributes
RAM              0x0000000020000000 0x0000000000020000 xrw
FLASH            0x0000000008000000 0x0000000000080000 xr
*default*        0x0000000000000000 0xffffffffffffffff

Linker script and memory map

LOAD c:/st/stm32cubeide_1.3.0/stm32cubeide/plugins/com.st.stm32cube.ide.mcu.externaltools.gnu-tools-for-stm32.7-2018-q2-update.win32_1.0.0.201904181610/tools/bin/../lib/gcc/arm-none-eabi/7.3.1/thumb/v7e-m/fpv4-sp/hard/crti.o
LOAD c:/st/stm32cubeide_1.3.0/stm32cubeide/plugins/com.st.stm32cube.ide.mcu.externaltools.gnu-tools-for-stm32.7-2018-q2-update.win32_1.0.0.201904181610/tools/bin/../lib/gcc/arm-none-eabi/7.3.1/thumb/v7e-m/fpv4-sp/hard/crtbegin.o
LOAD c:/st/stm32cubeide_1.3.0/stm32cubeide/plugins/com.st.stm32cube.ide.mcu.externaltools.gnu-tools-for-stm32.7-2018-q2-update.win32_1.0.0.201904181610/tools/bin/../lib/gcc/arm-none-eabi/7.3.1/../../../../arm-none-eabi/lib/thumb/v7e-m/fpv4-sp/hard/crt0.o
LOAD Core/Src/amw/amw_uart.o
LOAD Core/Src/fan.o
LOAD Core/Src/freertos.o
LOAD Core/Src/main.o
LOAD Core/Src/sensirion_common.o
LOAD Core/Src/sensirion_hw_i2c_implementation.o
LOAD Core/Src/sgp30.o
LOAD Core/Src/shtc1.o
LOAD Core/Src/sm_uart-04l.o
LOAD Core/Src/stepmotor.o
LOAD Core/Src/stm32f4xx_hal_msp.o
LOAD Core/Src/stm32f4xx_hal_timebase_tim.o
LOAD Core/Src/stm32f4xx_it.o
LOAD Core/Src/svm30.o
LOAD Core/Src/syscalls.o
LOAD Core/Src/sysmem.o
LOAD Core/Src/system_stm32f4xx.o
LOAD Core/Src/mqtt/MQTTClient.o
LOAD Core/Src/mqtt/MQTTConnectClient.o
LOAD Core/Src/mqtt/MQTTConnectServer.o
LOAD Core/Src/mqtt/MQTTDeserializePublish.o
LOAD Core/Src/mqtt/MQTTPacket.o
LOAD Core/Src/mqtt/MQTTSerializePublish.o
LOAD Core/Src/mqtt/MQTTSubscribeClient.o
LOAD Core/Src/mqtt/MQTTSubscribeServer.o
LOAD Core/Src/mqtt/MQTTUnsubscribeClient.o
LOAD Core/Src/mqtt/MQTTUnsubscribeServer.o
LOAD Core/Startup/startup_stm32f411retx.o
LOAD Drivers/STM32F4xx_HAL_Driver/Src/stm32f4xx_hal.o
LOAD Drivers/STM32F4xx_HAL_Driver/Src/stm32f4xx_hal_cortex.o
LOAD Drivers/STM32F4xx_HAL_Driver/Src/stm32f4xx_hal_dma.o
LOAD Drivers/STM32F4xx_HAL_Driver/Src/stm32f4xx_hal_dma_ex.o
LOAD Drivers/STM32F4xx_HAL_Driver/Src/stm32f4xx_hal_exti.o
LOAD Drivers/STM32F4xx_HAL_Driver/Src/stm32f4xx_hal_flash.o
LOAD Drivers/STM32F4xx_HAL_Driver/Src/stm32f4xx_hal_flash_ex.o
LOAD Drivers/STM32F4xx_HAL_Driver/Src/stm32f4xx_hal_flash_ramfunc.o
LOAD Drivers/STM32F4xx_HAL_Driver/Src/stm32f4xx_hal_gpio.o
LOAD Drivers/STM32F4xx_HAL_Driver/Src/stm32f4xx_hal_i2c.o
LOAD Drivers/STM32F4xx_HAL_Driver/Src/stm32f4xx_hal_i2c_ex.o
LOAD Drivers/STM32F4xx_HAL_Driver/Src/stm32f4xx_hal_pwr.o
LOAD Drivers/STM32F4xx_HAL_Driver/Src/stm32f4xx_hal_pwr_ex.o
LOAD Drivers/STM32F4xx_HAL_Driver/Src/stm32f4xx_hal_rcc.o
LOAD Drivers/STM32F4xx_HAL_Driver/Src/stm32f4xx_hal_rcc_ex.o
LOAD Drivers/STM32F4xx_HAL_Driver/Src/stm32f4xx_hal_spi.o
LOAD Drivers/STM32F4xx_HAL_Driver/Src/stm32f4xx_hal_tim.o
LOAD Drivers/STM32F4xx_HAL_Driver/Src/stm32f4xx_hal_tim_ex.o
LOAD Drivers/STM32F4xx_HAL_Driver/Src/stm32f4xx_hal_uart.o
LOAD Middlewares/Third_Party/FreeRTOS/Source/CMSIS_RTOS/cmsis_os.o
LOAD Middlewares/Third_Party/FreeRTOS/Source/croutine.o
LOAD Middlewares/Third_Party/FreeRTOS/Source/event_groups.o
LOAD Middlewares/Third_Party/FreeRTOS/Source/list.o
LOAD Middlewares/Third_Party/FreeRTOS/Source/queue.o
LOAD Middlewares/Third_Party/FreeRTOS/Source/stream_buffer.o
LOAD Middlewares/Third_Party/FreeRTOS/Source/tasks.o
LOAD Middlewares/Third_Party/FreeRTOS/Source/timers.o
LOAD Middlewares/Third_Party/FreeRTOS/Source/portable/GCC/ARM_CM4F/port.o
LOAD Middlewares/Third_Party/FreeRTOS/Source/portable/MemMang/heap_4.o
START GROUP
LOAD c:/st/stm32cubeide_1.3.0/stm32cubeide/plugins/com.st.stm32cube.ide.mcu.externaltools.gnu-tools-for-stm32.7-2018-q2-update.win32_1.0.0.201904181610/tools/bin/../lib/gcc/arm-none-eabi/7.3.1/../../../../arm-none-eabi/lib/thumb/v7e-m/fpv4-sp/hard\libc_nano.a
LOAD c:/st/stm32cubeide_1.3.0/stm32cubeide/plugins/com.st.stm32cube.ide.mcu.externaltools.gnu-tools-for-stm32.7-2018-q2-update.win32_1.0.0.201904181610/tools/bin/../lib/gcc/arm-none-eabi/7.3.1/../../../../arm-none-eabi/lib/thumb/v7e-m/fpv4-sp/hard\libm.a
END GROUP
START GROUP
LOAD c:/st/stm32cubeide_1.3.0/stm32cubeide/plugins/com.st.stm32cube.ide.mcu.externaltools.gnu-tools-for-stm32.7-2018-q2-update.win32_1.0.0.201904181610/tools/bin/../lib/gcc/arm-none-eabi/7.3.1/thumb/v7e-m/fpv4-sp/hard\libgcc.a
LOAD c:/st/stm32cubeide_1.3.0/stm32cubeide/plugins/com.st.stm32cube.ide.mcu.externaltools.gnu-tools-for-stm32.7-2018-q2-update.win32_1.0.0.201904181610/tools/bin/../lib/gcc/arm-none-eabi/7.3.1/../../../../arm-none-eabi/lib/thumb/v7e-m/fpv4-sp/hard\libc_nano.a
END GROUP
START GROUP
LOAD c:/st/stm32cubeide_1.3.0/stm32cubeide/plugins/com.st.stm32cube.ide.mcu.externaltools.gnu-tools-for-stm32.7-2018-q2-update.win32_1.0.0.201904181610/tools/bin/../lib/gcc/arm-none-eabi/7.3.1/thumb/v7e-m/fpv4-sp/hard\libgcc.a
LOAD c:/st/stm32cubeide_1.3.0/stm32cubeide/plugins/com.st.stm32cube.ide.mcu.externaltools.gnu-tools-for-stm32.7-2018-q2-update.win32_1.0.0.201904181610/tools/bin/../lib/gcc/arm-none-eabi/7.3.1/../../../../arm-none-eabi/lib/thumb/v7e-m/fpv4-sp/hard\libc_nano.a
LOAD c:/st/stm32cubeide_1.3.0/stm32cubeide/plugins/com.st.stm32cube.ide.mcu.externaltools.gnu-tools-for-stm32.7-2018-q2-update.win32_1.0.0.201904181610/tools/bin/../lib/gcc/arm-none-eabi/7.3.1/../../../../arm-none-eabi/lib/thumb/v7e-m/fpv4-sp/hard\libnosys.a
END GROUP
START GROUP
LOAD c:/st/stm32cubeide_1.3.0/stm32cubeide/plugins/com.st.stm32cube.ide.mcu.externaltools.gnu-tools-for-stm32.7-2018-q2-update.win32_1.0.0.201904181610/tools/bin/../lib/gcc/arm-none-eabi/7.3.1/thumb/v7e-m/fpv4-sp/hard\libgcc.a
LOAD c:/st/stm32cubeide_1.3.0/stm32cubeide/plugins/com.st.stm32cube.ide.mcu.externaltools.gnu-tools-for-stm32.7-2018-q2-update.win32_1.0.0.201904181610/tools/bin/../lib/gcc/arm-none-eabi/7.3.1/../../../../arm-none-eabi/lib/thumb/v7e-m/fpv4-sp/hard\libc_nano.a
LOAD c:/st/stm32cubeide_1.3.0/stm32cubeide/plugins/com.st.stm32cube.ide.mcu.externaltools.gnu-tools-for-stm32.7-2018-q2-update.win32_1.0.0.201904181610/tools/bin/../lib/gcc/arm-none-eabi/7.3.1/../../../../arm-none-eabi/lib/thumb/v7e-m/fpv4-sp/hard\libnosys.a
END GROUP
LOAD c:/st/stm32cubeide_1.3.0/stm32cubeide/plugins/com.st.stm32cube.ide.mcu.externaltools.gnu-tools-for-stm32.7-2018-q2-update.win32_1.0.0.201904181610/tools/bin/../lib/gcc/arm-none-eabi/7.3.1/thumb/v7e-m/fpv4-sp/hard/crtend.o
LOAD c:/st/stm32cubeide_1.3.0/stm32cubeide/plugins/com.st.stm32cube.ide.mcu.externaltools.gnu-tools-for-stm32.7-2018-q2-update.win32_1.0.0.201904181610/tools/bin/../lib/gcc/arm-none-eabi/7.3.1/thumb/v7e-m/fpv4-sp/hard/crtn.o
                0x0000000020020000                _estack = (ORIGIN (RAM) + LENGTH (RAM))
                0x0000000000000200                _Min_Heap_Size = 0x200
                0x0000000000000400                _Min_Stack_Size = 0x400

.isr_vector     0x0000000008000000      0x198
                0x0000000008000000                . = ALIGN (0x4)
 *(.isr_vector)
 .isr_vector    0x0000000008000000      0x198 Core/Startup/startup_stm32f411retx.o
                0x0000000008000000                g_pfnVectors
                0x0000000008000198                . = ALIGN (0x4)

.text           0x00000000080001a0     0xdc7c
                0x00000000080001a0                . = ALIGN (0x4)
 *(.text)
 .text          0x00000000080001a0       0x40 c:/st/stm32cubeide_1.3.0/stm32cubeide/plugins/com.st.stm32cube.ide.mcu.externaltools.gnu-tools-for-stm32.7-2018-q2-update.win32_1.0.0.201904181610/tools/bin/../lib/gcc/arm-none-eabi/7.3.1/thumb/v7e-m/fpv4-sp/hard/crtbegin.o
 .text          0x00000000080001e0       0x14 c:/st/stm32cubeide_1.3.0/stm32cubeide/plugins/com.st.stm32cube.ide.mcu.externaltools.gnu-tools-for-stm32.7-2018-q2-update.win32_1.0.0.201904181610/tools/bin/../lib/gcc/arm-none-eabi/7.3.1/../../../../arm-none-eabi/lib/thumb/v7e-m/fpv4-sp/hard\libc_nano.a(lib_a-strcmp.o)
                0x00000000080001e0                strcmp
 .text          0x00000000080001f4       0x10 c:/st/stm32cubeide_1.3.0/stm32cubeide/plugins/com.st.stm32cube.ide.mcu.externaltools.gnu-tools-for-stm32.7-2018-q2-update.win32_1.0.0.201904181610/tools/bin/../lib/gcc/arm-none-eabi/7.3.1/../../../../arm-none-eabi/lib/thumb/v7e-m/fpv4-sp/hard\libc_nano.a(lib_a-strlen.o)
                0x00000000080001f4                strlen
 *fill*         0x0000000008000204        0xc 
 .text          0x0000000008000210       0xa0 c:/st/stm32cubeide_1.3.0/stm32cubeide/plugins/com.st.stm32cube.ide.mcu.externaltools.gnu-tools-for-stm32.7-2018-q2-update.win32_1.0.0.201904181610/tools/bin/../lib/gcc/arm-none-eabi/7.3.1/../../../../arm-none-eabi/lib/thumb/v7e-m/fpv4-sp/hard\libc_nano.a(lib_a-memchr.o)
                0x0000000008000210                memchr
 .text          0x00000000080002b0      0x378 c:/st/stm32cubeide_1.3.0/stm32cubeide/plugins/com.st.stm32cube.ide.mcu.externaltools.gnu-tools-for-stm32.7-2018-q2-update.win32_1.0.0.201904181610/tools/bin/../lib/gcc/arm-none-eabi/7.3.1/thumb/v7e-m/fpv4-sp/hard\libgcc.a(_arm_addsubdf3.o)
                0x00000000080002b0                __aeabi_drsub
                0x00000000080002b8                __aeabi_dsub
                0x00000000080002b8                __subdf3
                0x00000000080002bc                __aeabi_dadd
                0x00000000080002bc                __adddf3
                0x0000000008000534                __floatunsidf
                0x0000000008000534                __aeabi_ui2d
                0x0000000008000554                __floatsidf
                0x0000000008000554                __aeabi_i2d
                0x0000000008000578                __aeabi_f2d
                0x0000000008000578                __extendsfdf2
                0x00000000080005bc                __floatundidf
                0x00000000080005bc                __aeabi_ul2d
                0x00000000080005cc                __floatdidf
                0x00000000080005cc                __aeabi_l2d
 .text          0x0000000008000628       0x50 c:/st/stm32cubeide_1.3.0/stm32cubeide/plugins/com.st.stm32cube.ide.mcu.externaltools.gnu-tools-for-stm32.7-2018-q2-update.win32_1.0.0.201904181610/tools/bin/../lib/gcc/arm-none-eabi/7.3.1/thumb/v7e-m/fpv4-sp/hard\libgcc.a(_arm_fixdfsi.o)
                0x0000000008000628                __aeabi_d2iz
                0x0000000008000628                __fixdfsi
 .text          0x0000000008000678       0x30 c:/st/stm32cubeide_1.3.0/stm32cubeide/plugins/com.st.stm32cube.ide.mcu.externaltools.gnu-tools-for-stm32.7-2018-q2-update.win32_1.0.0.201904181610/tools/bin/../lib/gcc/arm-none-eabi/7.3.1/thumb/v7e-m/fpv4-sp/hard\libgcc.a(_aeabi_uldivmod.o)
                0x0000000008000678                __aeabi_uldivmod
 .text          0x00000000080006a8      0x2cc c:/st/stm32cubeide_1.3.0/stm32cubeide/plugins/com.st.stm32cube.ide.mcu.externaltools.gnu-tools-for-stm32.7-2018-q2-update.win32_1.0.0.201904181610/tools/bin/../lib/gcc/arm-none-eabi/7.3.1/thumb/v7e-m/fpv4-sp/hard\libgcc.a(_udivmoddi4.o)
                0x00000000080006a8                __udivmoddi4
 .text          0x0000000008000974        0x4 c:/st/stm32cubeide_1.3.0/stm32cubeide/plugins/com.st.stm32cube.ide.mcu.externaltools.gnu-tools-for-stm32.7-2018-q2-update.win32_1.0.0.201904181610/tools/bin/../lib/gcc/arm-none-eabi/7.3.1/thumb/v7e-m/fpv4-sp/hard\libgcc.a(_dvmd_tls.o)
                0x0000000008000974                __aeabi_idiv0
                0x0000000008000974                __aeabi_ldiv0
 *(.text*)
 .text.TimerInit
                0x0000000008000978       0x24 Core/Src/amw/amw_uart.o
                0x0000000008000978                TimerInit
 .text.TimerIsExpired
                0x000000000800099c       0x2a Core/Src/amw/amw_uart.o
                0x000000000800099c                TimerIsExpired
 .text.TimerCountdownMS
                0x00000000080009c6       0x22 Core/Src/amw/amw_uart.o
                0x00000000080009c6                TimerCountdownMS
 .text.TimerCountdown
                0x00000000080009e8       0x24 Core/Src/amw/amw_uart.o
                0x00000000080009e8                TimerCountdown
 .text.TimerLeftMS
                0x0000000008000a0c       0x22 Core/Src/amw/amw_uart.o
                0x0000000008000a0c                TimerLeftMS
 *fill*         0x0000000008000a2e        0x2 
 .text.getCmdResponse
                0x0000000008000a30       0xb0 Core/Src/amw/amw_uart.o
                0x0000000008000a30                getCmdResponse
 .text.OsWrapper_read
                0x0000000008000ae0       0xa4 Core/Src/amw/amw_uart.o
                0x0000000008000ae0                OsWrapper_read
 .text.OsWrapper_write
                0x0000000008000b84       0x78 Core/Src/amw/amw_uart.o
                0x0000000008000b84                OsWrapper_write
 .text.setCmdMode
                0x0000000008000bfc       0x6c Core/Src/amw/amw_uart.o
                0x0000000008000bfc                setCmdMode
 .text.setupNetwork
                0x0000000008000c68       0xb0 Core/Src/amw/amw_uart.o
                0x0000000008000c68                setupNetwork
 .text.checkNetworkStatus
                0x0000000008000d18       0xa4 Core/Src/amw/amw_uart.o
                0x0000000008000d18                checkNetworkStatus
 .text.NetworkInit
                0x0000000008000dbc       0xbc Core/Src/amw/amw_uart.o
                0x0000000008000dbc                NetworkInit
 .text.NetworkConnect
                0x0000000008000e78       0xb4 Core/Src/amw/amw_uart.o
                0x0000000008000e78                NetworkConnect
 .text.NetworkDisconnect
                0x0000000008000f2c       0x60 Core/Src/amw/amw_uart.o
                0x0000000008000f2c                NetworkDisconnect
 .text.closeTCPPort
                0x0000000008000f8c       0x5c Core/Src/amw/amw_uart.o
                0x0000000008000f8c                closeTCPPort
 .text.isTCPPortOpen
                0x0000000008000fe8       0x8c Core/Src/amw/amw_uart.o
                0x0000000008000fe8                isTCPPortOpen
 .text.xiaomi_fan_run
                0x0000000008001074       0x70 Core/Src/fan.o
                0x0000000008001074                xiaomi_fan_run
 .text.xiaomi_fan_stop
                0x00000000080010e4       0x28 Core/Src/fan.o
                0x00000000080010e4                xiaomi_fan_stop
 .text.vApplicationGetIdleTaskMemory
                0x000000000800110c       0x34 Core/Src/freertos.o
                0x000000000800110c                vApplicationGetIdleTaskMemory
 .text.__io_putchar
                0x0000000008001140       0x24 Core/Src/main.o
                0x0000000008001140                __io_putchar
 .text.xiaomi_fan_read
                0x0000000008001164       0x50 Core/Src/main.o
                0x0000000008001164                xiaomi_fan_read
 .text.setUVState
                0x00000000080011b4       0x2c Core/Src/main.o
                0x00000000080011b4                setUVState
 .text.setIONState
                0x00000000080011e0       0x2c Core/Src/main.o
                0x00000000080011e0                setIONState
 .text.updateAirAQI
                0x000000000800120c      0x134 Core/Src/main.o
 .text.updateControlState
                0x0000000008001340      0x18c Core/Src/main.o
                0x0000000008001340                updateControlState
 .text.init_MQTT
                0x00000000080014cc      0x15c Core/Src/main.o
                0x00000000080014cc                init_MQTT
 .text.publish  0x0000000008001628       0x44 Core/Src/main.o
 .text.receive_handler
                0x000000000800166c      0x484 Core/Src/main.o
 .text.subcribesMQTT
                0x0000000008001af0      0x148 Core/Src/main.o
                0x0000000008001af0                subcribesMQTT
 .text.main     0x0000000008001c38      0x1c8 Core/Src/main.o
                0x0000000008001c38                main
 .text.SystemClock_Config
                0x0000000008001e00       0xd4 Core/Src/main.o
                0x0000000008001e00                SystemClock_Config
 .text.MX_I2C1_Init
                0x0000000008001ed4       0x5c Core/Src/main.o
 .text.MX_I2C2_Init
                0x0000000008001f30       0x5c Core/Src/main.o
 .text.MX_SPI2_Init
                0x0000000008001f8c       0x6c Core/Src/main.o
 .text.MX_SPI3_Init
                0x0000000008001ff8       0x6c Core/Src/main.o
 .text.MX_TIM1_Init
                0x0000000008002064      0x13c Core/Src/main.o
 .text.MX_TIM2_Init
                0x00000000080021a0       0xe8 Core/Src/main.o
 .text.MX_TIM5_Init
                0x0000000008002288       0xe0 Core/Src/main.o
 .text.MX_USART1_UART_Init
                0x0000000008002368       0x54 Core/Src/main.o
 .text.MX_USART2_UART_Init
                0x00000000080023bc       0x54 Core/Src/main.o
 .text.MX_USART6_UART_Init
                0x0000000008002410       0x54 Core/Src/main.o
 .text.MX_GPIO_Init
                0x0000000008002464      0x148 Core/Src/main.o
 .text.HAL_TIM_IC_CaptureCallback
                0x00000000080025ac       0x9c Core/Src/main.o
                0x00000000080025ac                HAL_TIM_IC_CaptureCallback
 .text.StartUpdateTask
                0x0000000008002648      0x11c Core/Src/main.o
                0x0000000008002648                StartUpdateTask
 .text.StartIR_Task
                0x0000000008002764       0x16 Core/Src/main.o
                0x0000000008002764                StartIR_Task
 .text.StartDisplayTask
                0x000000000800277a       0x16 Core/Src/main.o
                0x000000000800277a                StartDisplayTask
 .text.HAL_TIM_PeriodElapsedCallback
                0x0000000008002790       0x24 Core/Src/main.o
                0x0000000008002790                HAL_TIM_PeriodElapsedCallback
 .text.Error_Handler
                0x00000000080027b4        0xe Core/Src/main.o
                0x00000000080027b4                Error_Handler
 .text.sensirion_common_generate_crc
                0x00000000080027c2       0x70 Core/Src/sensirion_common.o
                0x00000000080027c2                sensirion_common_generate_crc
 .text.sensirion_common_check_crc
                0x0000000008002832       0x34 Core/Src/sensirion_common.o
                0x0000000008002832                sensirion_common_check_crc
 .text.sensirion_fill_cmd_send_buf
                0x0000000008002866       0xba Core/Src/sensirion_common.o
                0x0000000008002866                sensirion_fill_cmd_send_buf
 .text.sensirion_i2c_read_words_as_bytes
                0x0000000008002920       0xdc Core/Src/sensirion_common.o
                0x0000000008002920                sensirion_i2c_read_words_as_bytes
 .text.sensirion_i2c_read_words
                0x00000000080029fc       0x7c Core/Src/sensirion_common.o
                0x00000000080029fc                sensirion_i2c_read_words
 .text.sensirion_i2c_write_cmd
                0x0000000008002a78       0x38 Core/Src/sensirion_common.o
                0x0000000008002a78                sensirion_i2c_write_cmd
 .text.sensirion_i2c_write_cmd_with_args
                0x0000000008002ab0       0x44 Core/Src/sensirion_common.o
                0x0000000008002ab0                sensirion_i2c_write_cmd_with_args
 .text.sensirion_i2c_delayed_read_cmd
                0x0000000008002af4       0x62 Core/Src/sensirion_common.o
                0x0000000008002af4                sensirion_i2c_delayed_read_cmd
 *fill*         0x0000000008002b56        0x2 
 .text.i2c_init_sensirion
                0x0000000008002b58       0x20 Core/Src/sensirion_hw_i2c_implementation.o
                0x0000000008002b58                i2c_init_sensirion
 .text.getSVM30
                0x0000000008002b78       0x2e Core/Src/sensirion_hw_i2c_implementation.o
                0x0000000008002b78                getSVM30
 *fill*         0x0000000008002ba6        0x2 
 .text.sensirion_i2c_read
                0x0000000008002ba8       0x38 Core/Src/sensirion_hw_i2c_implementation.o
                0x0000000008002ba8                sensirion_i2c_read
 .text.sensirion_i2c_write
                0x0000000008002be0       0x38 Core/Src/sensirion_hw_i2c_implementation.o
                0x0000000008002be0                sensirion_i2c_write
 .text.sensirion_sleep_usec
                0x0000000008002c18       0x5c Core/Src/sensirion_hw_i2c_implementation.o
                0x0000000008002c18                sensirion_sleep_usec
 .text.sgp30_check_featureset
                0x0000000008002c74       0x50 Core/Src/sgp30.o
 .text.sgp30_measure_iaq
                0x0000000008002cc4       0x16 Core/Src/sgp30.o
                0x0000000008002cc4                sgp30_measure_iaq
 .text.sgp30_read_iaq
                0x0000000008002cda       0x34 Core/Src/sgp30.o
                0x0000000008002cda                sgp30_read_iaq
 .text.sgp30_measure_iaq_blocking_read
                0x0000000008002d0e       0x3a Core/Src/sgp30.o
                0x0000000008002d0e                sgp30_measure_iaq_blocking_read
 .text.sgp30_set_absolute_humidity
                0x0000000008002d48       0x4e Core/Src/sgp30.o
                0x0000000008002d48                sgp30_set_absolute_humidity
 .text.sgp30_get_feature_set_version
                0x0000000008002d96       0x54 Core/Src/sgp30.o
                0x0000000008002d96                sgp30_get_feature_set_version
 .text.sgp30_iaq_init
                0x0000000008002dea       0x2a Core/Src/sgp30.o
                0x0000000008002dea                sgp30_iaq_init
 .text.sgp30_probe
                0x0000000008002e14       0x3c Core/Src/sgp30.o
                0x0000000008002e14                sgp30_probe
 .text.shtc1_wake_up
                0x0000000008002e50       0x18 Core/Src/shtc1.o
                0x0000000008002e50                shtc1_wake_up
 .text.shtc1_measure_blocking_read
                0x0000000008002e68       0x3a Core/Src/shtc1.o
                0x0000000008002e68                shtc1_measure_blocking_read
 *fill*         0x0000000008002ea2        0x2 
 .text.shtc1_measure
                0x0000000008002ea4       0x1c Core/Src/shtc1.o
                0x0000000008002ea4                shtc1_measure
 .text.shtc1_read
                0x0000000008002ec0       0x52 Core/Src/shtc1.o
                0x0000000008002ec0                shtc1_read
 .text.shtc1_probe
                0x0000000008002f12       0x1c Core/Src/shtc1.o
                0x0000000008002f12                shtc1_probe
 *fill*         0x0000000008002f2e        0x2 
 .text.shtc1_read_serial
                0x0000000008002f30       0xc4 Core/Src/shtc1.o
                0x0000000008002f30                shtc1_read_serial
 .text.HAL_UART_RxCpltCallback
                0x0000000008002ff4      0x198 Core/Src/sm_uart-04l.o
                0x0000000008002ff4                HAL_UART_RxCpltCallback
 .text.directionOfRotation
                0x000000000800318c      0x278 Core/Src/stepmotor.o
                0x000000000800318c                directionOfRotation
 .text.HAL_MspInit
                0x0000000008003404       0x58 Core/Src/stm32f4xx_hal_msp.o
                0x0000000008003404                HAL_MspInit
 .text.HAL_I2C_MspInit
                0x000000000800345c      0x13c Core/Src/stm32f4xx_hal_msp.o
                0x000000000800345c                HAL_I2C_MspInit
 .text.HAL_SPI_MspInit
                0x0000000008003598      0x178 Core/Src/stm32f4xx_hal_msp.o
                0x0000000008003598                HAL_SPI_MspInit
 .text.HAL_TIM_Base_MspInit
                0x0000000008003710      0x114 Core/Src/stm32f4xx_hal_msp.o
                0x0000000008003710                HAL_TIM_Base_MspInit
 .text.HAL_TIM_MspPostInit
                0x0000000008003824       0xbc Core/Src/stm32f4xx_hal_msp.o
                0x0000000008003824                HAL_TIM_MspPostInit
 .text.HAL_UART_MspInit
                0x00000000080038e0      0x174 Core/Src/stm32f4xx_hal_msp.o
                0x00000000080038e0                HAL_UART_MspInit
 .text.HAL_InitTick
                0x0000000008003a54       0xb4 Core/Src/stm32f4xx_hal_timebase_tim.o
                0x0000000008003a54                HAL_InitTick
 .text.NMI_Handler
                0x0000000008003b08        0xe Core/Src/stm32f4xx_it.o
                0x0000000008003b08                NMI_Handler
 .text.HardFault_Handler
                0x0000000008003b16        0x6 Core/Src/stm32f4xx_it.o
                0x0000000008003b16                HardFault_Handler
 .text.MemManage_Handler
                0x0000000008003b1c        0x6 Core/Src/stm32f4xx_it.o
                0x0000000008003b1c                MemManage_Handler
 .text.BusFault_Handler
                0x0000000008003b22        0x6 Core/Src/stm32f4xx_it.o
                0x0000000008003b22                BusFault_Handler
 .text.UsageFault_Handler
                0x0000000008003b28        0x6 Core/Src/stm32f4xx_it.o
                0x0000000008003b28                UsageFault_Handler
 .text.DebugMon_Handler
                0x0000000008003b2e        0xe Core/Src/stm32f4xx_it.o
                0x0000000008003b2e                DebugMon_Handler
 .text.TIM1_CC_IRQHandler
                0x0000000008003b3c       0x14 Core/Src/stm32f4xx_it.o
                0x0000000008003b3c                TIM1_CC_IRQHandler
 .text.TIM2_IRQHandler
                0x0000000008003b50       0x14 Core/Src/stm32f4xx_it.o
                0x0000000008003b50                TIM2_IRQHandler
 .text.TIM4_IRQHandler
                0x0000000008003b64       0x14 Core/Src/stm32f4xx_it.o
                0x0000000008003b64                TIM4_IRQHandler
 .text.I2C1_EV_IRQHandler
                0x0000000008003b78       0x14 Core/Src/stm32f4xx_it.o
                0x0000000008003b78                I2C1_EV_IRQHandler
 .text.I2C1_ER_IRQHandler
                0x0000000008003b8c       0x14 Core/Src/stm32f4xx_it.o
                0x0000000008003b8c                I2C1_ER_IRQHandler
 .text.TIM5_IRQHandler
                0x0000000008003ba0       0x14 Core/Src/stm32f4xx_it.o
                0x0000000008003ba0                TIM5_IRQHandler
 .text.USART6_IRQHandler
                0x0000000008003bb4       0x14 Core/Src/stm32f4xx_it.o
                0x0000000008003bb4                USART6_IRQHandler
 .text.svm_compensate_rht
                0x0000000008003bc8       0x40 Core/Src/svm30.o
 .text.sensirion_calc_absolute_humidity
                0x0000000008003c08       0xd0 Core/Src/svm30.o
 .text.svm_set_humidity
                0x0000000008003cd8       0x2e Core/Src/svm30.o
 .text.svm_measure_iaq_blocking_read
                0x0000000008003d06       0x6e Core/Src/svm30.o
                0x0000000008003d06                svm_measure_iaq_blocking_read
 .text.svm_probe
                0x0000000008003d74       0x34 Core/Src/svm30.o
                0x0000000008003d74                svm_probe
 .text._read    0x0000000008003da8       0x3a Core/Src/syscalls.o
                0x0000000008003da8                _read
 .text._write   0x0000000008003de2       0x38 Core/Src/syscalls.o
                0x0000000008003de2                _write
 .text._close   0x0000000008003e1a       0x18 Core/Src/syscalls.o
                0x0000000008003e1a                _close
 .text._fstat   0x0000000008003e32       0x20 Core/Src/syscalls.o
                0x0000000008003e32                _fstat
 .text._isatty  0x0000000008003e52       0x16 Core/Src/syscalls.o
                0x0000000008003e52                _isatty
 .text._lseek   0x0000000008003e68       0x1a Core/Src/syscalls.o
                0x0000000008003e68                _lseek
 *fill*         0x0000000008003e82        0x2 
 .text._sbrk    0x0000000008003e84       0x58 Core/Src/sysmem.o
                0x0000000008003e84                _sbrk
 .text.SystemInit
                0x0000000008003edc       0x2c Core/Src/system_stm32f4xx.o
                0x0000000008003edc                SystemInit
 .text.NewMessageData
                0x0000000008003f08       0x24 Core/Src/mqtt/MQTTClient.o
 .text.getNextPacketId
                0x0000000008003f2c       0x32 Core/Src/mqtt/MQTTClient.o
 .text.sendPacket
                0x0000000008003f5e       0x96 Core/Src/mqtt/MQTTClient.o
 .text.MQTTClientInit
                0x0000000008003ff4       0x80 Core/Src/mqtt/MQTTClient.o
                0x0000000008003ff4                MQTTClientInit
 .text.decodePacket
                0x0000000008004074       0x8c Core/Src/mqtt/MQTTClient.o
 .text.readPacket
                0x0000000008004100       0xd0 Core/Src/mqtt/MQTTClient.o
 .text.isTopicMatched
                0x00000000080041d0       0xd2 Core/Src/mqtt/MQTTClient.o
 .text.deliverMessage
                0x00000000080042a2       0xec Core/Src/mqtt/MQTTClient.o
                0x00000000080042a2                deliverMessage
 *fill*         0x000000000800438e        0x2 
 .text.keepalive
                0x0000000008004390       0x98 Core/Src/mqtt/MQTTClient.o
                0x0000000008004390                keepalive
 .text.cycle    0x0000000008004428      0x1d8 Core/Src/mqtt/MQTTClient.o
                0x0000000008004428                cycle
 .text.MQTTYield
                0x0000000008004600       0x5c Core/Src/mqtt/MQTTClient.o
                0x0000000008004600                MQTTYield
 .text.waitfor  0x000000000800465c       0x3e Core/Src/mqtt/MQTTClient.o
                0x000000000800465c                waitfor
 *fill*         0x000000000800469a        0x2 
 .text.MQTTConnect
                0x000000000800469c      0x10c Core/Src/mqtt/MQTTClient.o
                0x000000000800469c                MQTTConnect
 .text.MQTTSubscribe
                0x00000000080047a8      0x154 Core/Src/mqtt/MQTTClient.o
                0x00000000080047a8                MQTTSubscribe
 .text.MQTTPublish
                0x00000000080048fc      0x17e Core/Src/mqtt/MQTTClient.o
                0x00000000080048fc                MQTTPublish
 .text.MQTTSerialize_connectLength
                0x0000000008004a7a       0xc2 Core/Src/mqtt/MQTTConnectClient.o
                0x0000000008004a7a                MQTTSerialize_connectLength
 .text.MQTTSerialize_connect
                0x0000000008004b3c      0x1dc Core/Src/mqtt/MQTTConnectClient.o
                0x0000000008004b3c                MQTTSerialize_connect
 .text.MQTTDeserialize_connack
                0x0000000008004d18       0xaa Core/Src/mqtt/MQTTConnectClient.o
                0x0000000008004d18                MQTTDeserialize_connack
 .text.MQTTSerialize_zero
                0x0000000008004dc2       0x72 Core/Src/mqtt/MQTTConnectClient.o
                0x0000000008004dc2                MQTTSerialize_zero
 .text.MQTTSerialize_pingreq
                0x0000000008004e34       0x1e Core/Src/mqtt/MQTTConnectClient.o
                0x0000000008004e34                MQTTSerialize_pingreq
 .text.MQTTDeserialize_publish
                0x0000000008004e52       0xe4 Core/Src/mqtt/MQTTDeserializePublish.o
                0x0000000008004e52                MQTTDeserialize_publish
 .text.MQTTDeserialize_ack
                0x0000000008004f36       0x96 Core/Src/mqtt/MQTTDeserializePublish.o
                0x0000000008004f36                MQTTDeserialize_ack
 .text.MQTTPacket_encode
                0x0000000008004fcc       0x5e Core/Src/mqtt/MQTTPacket.o
                0x0000000008004fcc                MQTTPacket_encode
 .text.MQTTPacket_decode
                0x000000000800502a       0x78 Core/Src/mqtt/MQTTPacket.o
                0x000000000800502a                MQTTPacket_decode
 *fill*         0x00000000080050a2        0x2 
 .text.MQTTPacket_len
                0x00000000080050a4       0x54 Core/Src/mqtt/MQTTPacket.o
                0x00000000080050a4                MQTTPacket_len
 .text.bufchar  0x00000000080050f8       0x40 Core/Src/mqtt/MQTTPacket.o
                0x00000000080050f8                bufchar
 .text.MQTTPacket_decodeBuf
                0x0000000008005138       0x2c Core/Src/mqtt/MQTTPacket.o
                0x0000000008005138                MQTTPacket_decodeBuf
 .text.readInt  0x0000000008005164       0x36 Core/Src/mqtt/MQTTPacket.o
                0x0000000008005164                readInt
 .text.readChar
                0x000000000800519a       0x28 Core/Src/mqtt/MQTTPacket.o
                0x000000000800519a                readChar
 .text.writeChar
                0x00000000080051c2       0x2a Core/Src/mqtt/MQTTPacket.o
                0x00000000080051c2                writeChar
 .text.writeInt
                0x00000000080051ec       0x52 Core/Src/mqtt/MQTTPacket.o
                0x00000000080051ec                writeInt
 .text.writeCString
                0x000000000800523e       0x3e Core/Src/mqtt/MQTTPacket.o
                0x000000000800523e                writeCString
 .text.writeMQTTString
                0x000000000800527c       0x5c Core/Src/mqtt/MQTTPacket.o
                0x000000000800527c                writeMQTTString
 .text.readMQTTLenString
                0x00000000080052d8       0x62 Core/Src/mqtt/MQTTPacket.o
                0x00000000080052d8                readMQTTLenString
 .text.MQTTstrlen
                0x000000000800533a       0x32 Core/Src/mqtt/MQTTPacket.o
                0x000000000800533a                MQTTstrlen
 .text.MQTTPacket_equals
                0x000000000800536c       0x6e Core/Src/mqtt/MQTTPacket.o
                0x000000000800536c                MQTTPacket_equals
 .text.MQTTSerialize_publishLength
                0x00000000080053da       0x40 Core/Src/mqtt/MQTTSerializePublish.o
                0x00000000080053da                MQTTSerialize_publishLength
 .text.MQTTSerialize_publish
                0x000000000800541a       0xee Core/Src/mqtt/MQTTSerializePublish.o
                0x000000000800541a                MQTTSerialize_publish
 .text.MQTTSerialize_ack
                0x0000000008005508       0x9a Core/Src/mqtt/MQTTSerializePublish.o
                0x0000000008005508                MQTTSerialize_ack
 .text.MQTTSerialize_subscribeLength
                0x00000000080055a2       0x4e Core/Src/mqtt/MQTTSubscribeClient.o
                0x00000000080055a2                MQTTSerialize_subscribeLength
 .text.MQTTSerialize_subscribe
                0x00000000080055f0       0xfa Core/Src/mqtt/MQTTSubscribeClient.o
                0x00000000080055f0                MQTTSerialize_subscribe
 .text.MQTTDeserialize_suback
                0x00000000080056ea       0xce Core/Src/mqtt/MQTTSubscribeClient.o
                0x00000000080056ea                MQTTDeserialize_suback
 .text.Reset_Handler
                0x00000000080057b8       0x50 Core/Startup/startup_stm32f411retx.o
                0x00000000080057b8                Reset_Handler
 .text.Default_Handler
                0x0000000008005808        0x2 Core/Startup/startup_stm32f411retx.o
                0x0000000008005808                RTC_Alarm_IRQHandler
                0x0000000008005808                EXTI2_IRQHandler
                0x0000000008005808                SPI4_IRQHandler
                0x0000000008005808                DMA2_Stream5_IRQHandler
                0x0000000008005808                DMA1_Stream5_IRQHandler
                0x0000000008005808                PVD_IRQHandler
                0x0000000008005808                SDIO_IRQHandler
                0x0000000008005808                TAMP_STAMP_IRQHandler
                0x0000000008005808                EXTI3_IRQHandler
                0x0000000008005808                TIM1_UP_TIM10_IRQHandler
                0x0000000008005808                I2C3_ER_IRQHandler
                0x0000000008005808                EXTI0_IRQHandler
                0x0000000008005808                I2C2_EV_IRQHandler
                0x0000000008005808                DMA1_Stream2_IRQHandler
                0x0000000008005808                FPU_IRQHandler
                0x0000000008005808                DMA2_Stream2_IRQHandler
                0x0000000008005808                SPI1_IRQHandler
                0x0000000008005808                TIM1_BRK_TIM9_IRQHandler
                0x0000000008005808                DMA2_Stream3_IRQHandler
                0x0000000008005808                DMA2_Stream0_IRQHandler
                0x0000000008005808                DMA1_Stream6_IRQHandler
                0x0000000008005808                DMA1_Stream1_IRQHandler
                0x0000000008005808                TIM3_IRQHandler
                0x0000000008005808                RCC_IRQHandler
                0x0000000008005808                Default_Handler
                0x0000000008005808                EXTI15_10_IRQHandler
                0x0000000008005808                ADC_IRQHandler
                0x0000000008005808                DMA1_Stream7_IRQHandler
                0x0000000008005808                SPI5_IRQHandler
                0x0000000008005808                DMA2_Stream7_IRQHandler
                0x0000000008005808                I2C3_EV_IRQHandler
                0x0000000008005808                EXTI9_5_IRQHandler
                0x0000000008005808                RTC_WKUP_IRQHandler
                0x0000000008005808                SPI2_IRQHandler
                0x0000000008005808                DMA1_Stream0_IRQHandler
                0x0000000008005808                EXTI4_IRQHandler
                0x0000000008005808                WWDG_IRQHandler
                0x0000000008005808                OTG_FS_WKUP_IRQHandler
                0x0000000008005808                TIM1_TRG_COM_TIM11_IRQHandler
                0x0000000008005808                EXTI1_IRQHandler
                0x0000000008005808                USART2_IRQHandler
                0x0000000008005808                I2C2_ER_IRQHandler
                0x0000000008005808                DMA2_Stream1_IRQHandler
                0x0000000008005808                FLASH_IRQHandler
                0x0000000008005808                DMA2_Stream4_IRQHandler
                0x0000000008005808                USART1_IRQHandler
                0x0000000008005808                OTG_FS_IRQHandler
                0x0000000008005808                SPI3_IRQHandler
                0x0000000008005808                DMA1_Stream4_IRQHandler
                0x0000000008005808                DMA2_Stream6_IRQHandler
                0x0000000008005808                DMA1_Stream3_IRQHandler
 *fill*         0x000000000800580a        0x2 
 .text.HAL_Init
                0x000000000800580c       0x44 Drivers/STM32F4xx_HAL_Driver/Src/stm32f4xx_hal.o
                0x000000000800580c                HAL_Init
 .text.HAL_IncTick
                0x0000000008005850       0x28 Drivers/STM32F4xx_HAL_Driver/Src/stm32f4xx_hal.o
                0x0000000008005850                HAL_IncTick
 .text.HAL_GetTick
                0x0000000008005878       0x18 Drivers/STM32F4xx_HAL_Driver/Src/stm32f4xx_hal.o
                0x0000000008005878                HAL_GetTick
 .text.HAL_Delay
                0x0000000008005890       0x44 Drivers/STM32F4xx_HAL_Driver/Src/stm32f4xx_hal.o
                0x0000000008005890                HAL_Delay
 .text.HAL_GetHalVersion
                0x00000000080058d4       0x14 Drivers/STM32F4xx_HAL_Driver/Src/stm32f4xx_hal.o
                0x00000000080058d4                HAL_GetHalVersion
 .text.__NVIC_SetPriorityGrouping
                0x00000000080058e8       0x48 Drivers/STM32F4xx_HAL_Driver/Src/stm32f4xx_hal_cortex.o
 .text.__NVIC_GetPriorityGrouping
                0x0000000008005930       0x1c Drivers/STM32F4xx_HAL_Driver/Src/stm32f4xx_hal_cortex.o
 .text.__NVIC_EnableIRQ
                0x000000000800594c       0x3c Drivers/STM32F4xx_HAL_Driver/Src/stm32f4xx_hal_cortex.o
 .text.__NVIC_SetPriority
                0x0000000008005988       0x54 Drivers/STM32F4xx_HAL_Driver/Src/stm32f4xx_hal_cortex.o
 .text.NVIC_EncodePriority
                0x00000000080059dc       0x66 Drivers/STM32F4xx_HAL_Driver/Src/stm32f4xx_hal_cortex.o
 .text.HAL_NVIC_SetPriorityGrouping
                0x0000000008005a42       0x16 Drivers/STM32F4xx_HAL_Driver/Src/stm32f4xx_hal_cortex.o
                0x0000000008005a42                HAL_NVIC_SetPriorityGrouping
 .text.HAL_NVIC_SetPriority
                0x0000000008005a58       0x38 Drivers/STM32F4xx_HAL_Driver/Src/stm32f4xx_hal_cortex.o
                0x0000000008005a58                HAL_NVIC_SetPriority
 .text.HAL_NVIC_EnableIRQ
                0x0000000008005a90       0x1c Drivers/STM32F4xx_HAL_Driver/Src/stm32f4xx_hal_cortex.o
                0x0000000008005a90                HAL_NVIC_EnableIRQ
 .text.HAL_DMA_Abort
                0x0000000008005aac       0xe0 Drivers/STM32F4xx_HAL_Driver/Src/stm32f4xx_hal_dma.o
                0x0000000008005aac                HAL_DMA_Abort
 .text.HAL_DMA_Abort_IT
                0x0000000008005b8c       0x44 Drivers/STM32F4xx_HAL_Driver/Src/stm32f4xx_hal_dma.o
                0x0000000008005b8c                HAL_DMA_Abort_IT
 .text.HAL_DMA_GetState
                0x0000000008005bd0       0x1c Drivers/STM32F4xx_HAL_Driver/Src/stm32f4xx_hal_dma.o
                0x0000000008005bd0                HAL_DMA_GetState
 .text.HAL_GPIO_Init
                0x0000000008005bec      0x304 Drivers/STM32F4xx_HAL_Driver/Src/stm32f4xx_hal_gpio.o
                0x0000000008005bec                HAL_GPIO_Init
 .text.HAL_GPIO_WritePin
                0x0000000008005ef0       0x32 Drivers/STM32F4xx_HAL_Driver/Src/stm32f4xx_hal_gpio.o
                0x0000000008005ef0                HAL_GPIO_WritePin
 *fill*         0x0000000008005f22        0x2 
 .text.HAL_I2C_Init
                0x0000000008005f24      0x270 Drivers/STM32F4xx_HAL_Driver/Src/stm32f4xx_hal_i2c.o
                0x0000000008005f24                HAL_I2C_Init
 .text.HAL_I2C_Master_Transmit
                0x0000000008006194      0x204 Drivers/STM32F4xx_HAL_Driver/Src/stm32f4xx_hal_i2c.o
                0x0000000008006194                HAL_I2C_Master_Transmit
 .text.HAL_I2C_Master_Receive
                0x0000000008006398      0x44c Drivers/STM32F4xx_HAL_Driver/Src/stm32f4xx_hal_i2c.o
                0x0000000008006398                HAL_I2C_Master_Receive
 .text.HAL_I2C_EV_IRQHandler
                0x00000000080067e4      0x2cc Drivers/STM32F4xx_HAL_Driver/Src/stm32f4xx_hal_i2c.o
                0x00000000080067e4                HAL_I2C_EV_IRQHandler
 .text.HAL_I2C_ER_IRQHandler
                0x0000000008006ab0      0x14e Drivers/STM32F4xx_HAL_Driver/Src/stm32f4xx_hal_i2c.o
                0x0000000008006ab0                HAL_I2C_ER_IRQHandler
 .text.HAL_I2C_MasterTxCpltCallback
                0x0000000008006bfe       0x14 Drivers/STM32F4xx_HAL_Driver/Src/stm32f4xx_hal_i2c.o
                0x0000000008006bfe                HAL_I2C_MasterTxCpltCallback
 .text.HAL_I2C_MasterRxCpltCallback
                0x0000000008006c12       0x14 Drivers/STM32F4xx_HAL_Driver/Src/stm32f4xx_hal_i2c.o
                0x0000000008006c12                HAL_I2C_MasterRxCpltCallback
 .text.HAL_I2C_SlaveTxCpltCallback
                0x0000000008006c26       0x14 Drivers/STM32F4xx_HAL_Driver/Src/stm32f4xx_hal_i2c.o
                0x0000000008006c26                HAL_I2C_SlaveTxCpltCallback
 .text.HAL_I2C_SlaveRxCpltCallback
                0x0000000008006c3a       0x14 Drivers/STM32F4xx_HAL_Driver/Src/stm32f4xx_hal_i2c.o
                0x0000000008006c3a                HAL_I2C_SlaveRxCpltCallback
 .text.HAL_I2C_AddrCallback
                0x0000000008006c4e       0x1c Drivers/STM32F4xx_HAL_Driver/Src/stm32f4xx_hal_i2c.o
                0x0000000008006c4e                HAL_I2C_AddrCallback
 .text.HAL_I2C_ListenCpltCallback
                0x0000000008006c6a       0x14 Drivers/STM32F4xx_HAL_Driver/Src/stm32f4xx_hal_i2c.o
                0x0000000008006c6a                HAL_I2C_ListenCpltCallback
 .text.HAL_I2C_MemTxCpltCallback
                0x0000000008006c7e       0x14 Drivers/STM32F4xx_HAL_Driver/Src/stm32f4xx_hal_i2c.o
                0x0000000008006c7e                HAL_I2C_MemTxCpltCallback
 .text.HAL_I2C_MemRxCpltCallback
                0x0000000008006c92       0x14 Drivers/STM32F4xx_HAL_Driver/Src/stm32f4xx_hal_i2c.o
                0x0000000008006c92                HAL_I2C_MemRxCpltCallback
 .text.HAL_I2C_ErrorCallback
                0x0000000008006ca6       0x14 Drivers/STM32F4xx_HAL_Driver/Src/stm32f4xx_hal_i2c.o
                0x0000000008006ca6                HAL_I2C_ErrorCallback
 .text.HAL_I2C_AbortCpltCallback
                0x0000000008006cba       0x14 Drivers/STM32F4xx_HAL_Driver/Src/stm32f4xx_hal_i2c.o
                0x0000000008006cba                HAL_I2C_AbortCpltCallback
 .text.I2C_MasterTransmit_TXE
                0x0000000008006cce      0x138 Drivers/STM32F4xx_HAL_Driver/Src/stm32f4xx_hal_i2c.o
 .text.I2C_MasterTransmit_BTF
                0x0000000008006e06      0x100 Drivers/STM32F4xx_HAL_Driver/Src/stm32f4xx_hal_i2c.o
 .text.I2C_MemoryTransmit_TXE_BTF
                0x0000000008006f06       0xce Drivers/STM32F4xx_HAL_Driver/Src/stm32f4xx_hal_i2c.o
 .text.I2C_MasterReceive_RXNE
                0x0000000008006fd4      0x104 Drivers/STM32F4xx_HAL_Driver/Src/stm32f4xx_hal_i2c.o
 .text.I2C_MasterReceive_BTF
                0x00000000080070d8      0x1d4 Drivers/STM32F4xx_HAL_Driver/Src/stm32f4xx_hal_i2c.o
 .text.I2C_Master_SB
                0x00000000080072ac      0x10c Drivers/STM32F4xx_HAL_Driver/Src/stm32f4xx_hal_i2c.o
 .text.I2C_Master_ADD10
                0x00000000080073b8       0x54 Drivers/STM32F4xx_HAL_Driver/Src/stm32f4xx_hal_i2c.o
 .text.I2C_Master_ADDR
                0x000000000800740c      0x322 Drivers/STM32F4xx_HAL_Driver/Src/stm32f4xx_hal_i2c.o
 .text.I2C_SlaveTransmit_TXE
                0x000000000800772e       0x7a Drivers/STM32F4xx_HAL_Driver/Src/stm32f4xx_hal_i2c.o
 .text.I2C_SlaveTransmit_BTF
                0x00000000080077a8       0x42 Drivers/STM32F4xx_HAL_Driver/Src/stm32f4xx_hal_i2c.o
 .text.I2C_SlaveReceive_RXNE
                0x00000000080077ea       0x7c Drivers/STM32F4xx_HAL_Driver/Src/stm32f4xx_hal_i2c.o
 .text.I2C_SlaveReceive_BTF
                0x0000000008007866       0x44 Drivers/STM32F4xx_HAL_Driver/Src/stm32f4xx_hal_i2c.o
 .text.I2C_Slave_ADDR
                0x00000000080078aa       0x88 Drivers/STM32F4xx_HAL_Driver/Src/stm32f4xx_hal_i2c.o
 *fill*         0x0000000008007932        0x2 
 .text.I2C_Slave_STOPF
                0x0000000008007934      0x260 Drivers/STM32F4xx_HAL_Driver/Src/stm32f4xx_hal_i2c.o
 .text.I2C_Slave_AF
                0x0000000008007b94       0xe0 Drivers/STM32F4xx_HAL_Driver/Src/stm32f4xx_hal_i2c.o
 .text.I2C_ITError
                0x0000000008007c74      0x25c Drivers/STM32F4xx_HAL_Driver/Src/stm32f4xx_hal_i2c.o
 .text.I2C_MasterRequestWrite
                0x0000000008007ed0      0x104 Drivers/STM32F4xx_HAL_Driver/Src/stm32f4xx_hal_i2c.o
 .text.I2C_MasterRequestRead
                0x0000000008007fd4      0x198 Drivers/STM32F4xx_HAL_Driver/Src/stm32f4xx_hal_i2c.o
 .text.I2C_DMAAbort
                0x000000000800816c       0xfe Drivers/STM32F4xx_HAL_Driver/Src/stm32f4xx_hal_i2c.o
 .text.I2C_WaitOnFlagUntilTimeout
                0x000000000800826a       0xae Drivers/STM32F4xx_HAL_Driver/Src/stm32f4xx_hal_i2c.o
 .text.I2C_WaitOnMasterAddressFlagUntilTimeout
                0x0000000008008318       0xfe Drivers/STM32F4xx_HAL_Driver/Src/stm32f4xx_hal_i2c.o
 .text.I2C_WaitOnTXEFlagUntilTimeout
                0x0000000008008416       0x82 Drivers/STM32F4xx_HAL_Driver/Src/stm32f4xx_hal_i2c.o
 .text.I2C_WaitOnBTFFlagUntilTimeout
                0x0000000008008498       0x82 Drivers/STM32F4xx_HAL_Driver/Src/stm32f4xx_hal_i2c.o
 .text.I2C_WaitOnRXNEFlagUntilTimeout
                0x000000000800851a       0xac Drivers/STM32F4xx_HAL_Driver/Src/stm32f4xx_hal_i2c.o
 .text.I2C_IsAcknowledgeFailed
                0x00000000080085c6       0x5e Drivers/STM32F4xx_HAL_Driver/Src/stm32f4xx_hal_i2c.o
 .text.I2C_ConvertOtherXferOptions
                0x0000000008008624       0x36 Drivers/STM32F4xx_HAL_Driver/Src/stm32f4xx_hal_i2c.o
 *fill*         0x000000000800865a        0x2 
 .text.HAL_RCC_OscConfig
                0x000000000800865c      0x4e0 Drivers/STM32F4xx_HAL_Driver/Src/stm32f4xx_hal_rcc.o
                0x000000000800865c                HAL_RCC_OscConfig
 .text.HAL_RCC_ClockConfig
                0x0000000008008b3c      0x1cc Drivers/STM32F4xx_HAL_Driver/Src/stm32f4xx_hal_rcc.o
                0x0000000008008b3c                HAL_RCC_ClockConfig
 .text.HAL_RCC_GetSysClockFreq
                0x0000000008008d08      0x164 Drivers/STM32F4xx_HAL_Driver/Src/stm32f4xx_hal_rcc.o
                0x0000000008008d08                HAL_RCC_GetSysClockFreq
 .text.HAL_RCC_GetHCLKFreq
                0x0000000008008e6c       0x18 Drivers/STM32F4xx_HAL_Driver/Src/stm32f4xx_hal_rcc.o
                0x0000000008008e6c                HAL_RCC_GetHCLKFreq
 .text.HAL_RCC_GetPCLK1Freq
                0x0000000008008e84       0x28 Drivers/STM32F4xx_HAL_Driver/Src/stm32f4xx_hal_rcc.o
                0x0000000008008e84                HAL_RCC_GetPCLK1Freq
 .text.HAL_RCC_GetPCLK2Freq
                0x0000000008008eac       0x28 Drivers/STM32F4xx_HAL_Driver/Src/stm32f4xx_hal_rcc.o
                0x0000000008008eac                HAL_RCC_GetPCLK2Freq
 .text.HAL_RCC_GetClockConfig
                0x0000000008008ed4       0x64 Drivers/STM32F4xx_HAL_Driver/Src/stm32f4xx_hal_rcc.o
                0x0000000008008ed4                HAL_RCC_GetClockConfig
 .text.HAL_SPI_Init
                0x0000000008008f38       0xc8 Drivers/STM32F4xx_HAL_Driver/Src/stm32f4xx_hal_spi.o
                0x0000000008008f38                HAL_SPI_Init
 .text.HAL_TIM_Base_Init
                0x0000000008009000       0x56 Drivers/STM32F4xx_HAL_Driver/Src/stm32f4xx_hal_tim.o
                0x0000000008009000                HAL_TIM_Base_Init
 .text.HAL_TIM_Base_Start_IT
                0x0000000008009056       0x48 Drivers/STM32F4xx_HAL_Driver/Src/stm32f4xx_hal_tim.o
                0x0000000008009056                HAL_TIM_Base_Start_IT
 .text.HAL_TIM_PWM_Init
                0x000000000800909e       0x56 Drivers/STM32F4xx_HAL_Driver/Src/stm32f4xx_hal_tim.o
                0x000000000800909e                HAL_TIM_PWM_Init
 .text.HAL_TIM_PWM_MspInit
                0x00000000080090f4       0x14 Drivers/STM32F4xx_HAL_Driver/Src/stm32f4xx_hal_tim.o
                0x00000000080090f4                HAL_TIM_PWM_MspInit
 .text.HAL_TIM_IC_Init
                0x0000000008009108       0x56 Drivers/STM32F4xx_HAL_Driver/Src/stm32f4xx_hal_tim.o
                0x0000000008009108                HAL_TIM_IC_Init
 .text.HAL_TIM_IC_MspInit
                0x000000000800915e       0x14 Drivers/STM32F4xx_HAL_Driver/Src/stm32f4xx_hal_tim.o
                0x000000000800915e                HAL_TIM_IC_MspInit
 *fill*         0x0000000008009172        0x2 
 .text.HAL_TIM_IC_Start_IT
                0x0000000008009174       0xd0 Drivers/STM32F4xx_HAL_Driver/Src/stm32f4xx_hal_tim.o
                0x0000000008009174                HAL_TIM_IC_Start_IT
 .text.HAL_TIM_IC_Stop_IT
                0x0000000008009244       0xe0 Drivers/STM32F4xx_HAL_Driver/Src/stm32f4xx_hal_tim.o
                0x0000000008009244                HAL_TIM_IC_Stop_IT
 .text.HAL_TIM_IRQHandler
                0x0000000008009324      0x210 Drivers/STM32F4xx_HAL_Driver/Src/stm32f4xx_hal_tim.o
                0x0000000008009324                HAL_TIM_IRQHandler
 .text.HAL_TIM_IC_ConfigChannel
                0x0000000008009534      0x138 Drivers/STM32F4xx_HAL_Driver/Src/stm32f4xx_hal_tim.o
                0x0000000008009534                HAL_TIM_IC_ConfigChannel
 .text.HAL_TIM_PWM_ConfigChannel
                0x000000000800966c      0x18c Drivers/STM32F4xx_HAL_Driver/Src/stm32f4xx_hal_tim.o
                0x000000000800966c                HAL_TIM_PWM_ConfigChannel
 .text.HAL_TIM_ConfigClockSource
                0x00000000080097f8      0x16e Drivers/STM32F4xx_HAL_Driver/Src/stm32f4xx_hal_tim.o
                0x00000000080097f8                HAL_TIM_ConfigClockSource
 .text.HAL_TIM_OC_DelayElapsedCallback
                0x0000000008009966       0x14 Drivers/STM32F4xx_HAL_Driver/Src/stm32f4xx_hal_tim.o
                0x0000000008009966                HAL_TIM_OC_DelayElapsedCallback
 .text.HAL_TIM_PWM_PulseFinishedCallback
                0x000000000800997a       0x14 Drivers/STM32F4xx_HAL_Driver/Src/stm32f4xx_hal_tim.o
                0x000000000800997a                HAL_TIM_PWM_PulseFinishedCallback
 .text.HAL_TIM_TriggerCallback
                0x000000000800998e       0x14 Drivers/STM32F4xx_HAL_Driver/Src/stm32f4xx_hal_tim.o
                0x000000000800998e                HAL_TIM_TriggerCallback
 *fill*         0x00000000080099a2        0x2 
 .text.TIM_Base_SetConfig
                0x00000000080099a4      0x100 Drivers/STM32F4xx_HAL_Driver/Src/stm32f4xx_hal_tim.o
                0x00000000080099a4                TIM_Base_SetConfig
 .text.TIM_OC1_SetConfig
                0x0000000008009aa4       0xcc Drivers/STM32F4xx_HAL_Driver/Src/stm32f4xx_hal_tim.o
 .text.TIM_OC2_SetConfig
                0x0000000008009b70       0xd8 Drivers/STM32F4xx_HAL_Driver/Src/stm32f4xx_hal_tim.o
                0x0000000008009b70                TIM_OC2_SetConfig
 .text.TIM_OC3_SetConfig
                0x0000000008009c48       0xd4 Drivers/STM32F4xx_HAL_Driver/Src/stm32f4xx_hal_tim.o
 .text.TIM_OC4_SetConfig
                0x0000000008009d1c       0xa0 Drivers/STM32F4xx_HAL_Driver/Src/stm32f4xx_hal_tim.o
 .text.TIM_TI1_SetConfig
                0x0000000008009dbc       0xd0 Drivers/STM32F4xx_HAL_Driver/Src/stm32f4xx_hal_tim.o
                0x0000000008009dbc                TIM_TI1_SetConfig
 .text.TIM_TI1_ConfigInputStage
                0x0000000008009e8c       0x5e Drivers/STM32F4xx_HAL_Driver/Src/stm32f4xx_hal_tim.o
 .text.TIM_TI2_SetConfig
                0x0000000008009eea       0x7a Drivers/STM32F4xx_HAL_Driver/Src/stm32f4xx_hal_tim.o
 .text.TIM_TI2_ConfigInputStage
                0x0000000008009f64       0x60 Drivers/STM32F4xx_HAL_Driver/Src/stm32f4xx_hal_tim.o
 .text.TIM_TI3_SetConfig
                0x0000000008009fc4       0x78 Drivers/STM32F4xx_HAL_Driver/Src/stm32f4xx_hal_tim.o
 .text.TIM_TI4_SetConfig
                0x000000000800a03c       0x7a Drivers/STM32F4xx_HAL_Driver/Src/stm32f4xx_hal_tim.o
 .text.TIM_ITRx_SetConfig
                0x000000000800a0b6       0x36 Drivers/STM32F4xx_HAL_Driver/Src/stm32f4xx_hal_tim.o
 .text.TIM_ETR_SetConfig
                0x000000000800a0ec       0x40 Drivers/STM32F4xx_HAL_Driver/Src/stm32f4xx_hal_tim.o
                0x000000000800a0ec                TIM_ETR_SetConfig
 .text.TIM_CCxChannelCmd
                0x000000000800a12c       0x4a Drivers/STM32F4xx_HAL_Driver/Src/stm32f4xx_hal_tim.o
                0x000000000800a12c                TIM_CCxChannelCmd
 *fill*         0x000000000800a176        0x2 
 .text.HAL_TIMEx_MasterConfigSynchronization
                0x000000000800a178       0xdc Drivers/STM32F4xx_HAL_Driver/Src/stm32f4xx_hal_tim_ex.o
                0x000000000800a178                HAL_TIMEx_MasterConfigSynchronization
 .text.HAL_TIMEx_ConfigBreakDeadTime
                0x000000000800a254       0xa4 Drivers/STM32F4xx_HAL_Driver/Src/stm32f4xx_hal_tim_ex.o
                0x000000000800a254                HAL_TIMEx_ConfigBreakDeadTime
 .text.HAL_TIMEx_CommutCallback
                0x000000000800a2f8       0x14 Drivers/STM32F4xx_HAL_Driver/Src/stm32f4xx_hal_tim_ex.o
                0x000000000800a2f8                HAL_TIMEx_CommutCallback
 .text.HAL_TIMEx_BreakCallback
                0x000000000800a30c       0x14 Drivers/STM32F4xx_HAL_Driver/Src/stm32f4xx_hal_tim_ex.o
                0x000000000800a30c                HAL_TIMEx_BreakCallback
 .text.HAL_UART_Init
                0x000000000800a320       0x9a Drivers/STM32F4xx_HAL_Driver/Src/stm32f4xx_hal_uart.o
                0x000000000800a320                HAL_UART_Init
 .text.HAL_UART_Transmit
                0x000000000800a3ba      0x132 Drivers/STM32F4xx_HAL_Driver/Src/stm32f4xx_hal_uart.o
                0x000000000800a3ba                HAL_UART_Transmit
 .text.HAL_UART_Receive
                0x000000000800a4ec      0x14c Drivers/STM32F4xx_HAL_Driver/Src/stm32f4xx_hal_uart.o
                0x000000000800a4ec                HAL_UART_Receive
 .text.HAL_UART_Receive_IT
                0x000000000800a638       0xaa Drivers/STM32F4xx_HAL_Driver/Src/stm32f4xx_hal_uart.o
                0x000000000800a638                HAL_UART_Receive_IT
 .text.HAL_UART_DMAStop
                0x000000000800a6e2       0xb6 Drivers/STM32F4xx_HAL_Driver/Src/stm32f4xx_hal_uart.o
                0x000000000800a6e2                HAL_UART_DMAStop
 .text.HAL_UART_IRQHandler
                0x000000000800a798      0x200 Drivers/STM32F4xx_HAL_Driver/Src/stm32f4xx_hal_uart.o
                0x000000000800a798                HAL_UART_IRQHandler
 .text.HAL_UART_TxCpltCallback
                0x000000000800a998       0x14 Drivers/STM32F4xx_HAL_Driver/Src/stm32f4xx_hal_uart.o
                0x000000000800a998                HAL_UART_TxCpltCallback
 .text.HAL_UART_ErrorCallback
                0x000000000800a9ac       0x14 Drivers/STM32F4xx_HAL_Driver/Src/stm32f4xx_hal_uart.o
                0x000000000800a9ac                HAL_UART_ErrorCallback
 .text.UART_WaitOnFlagUntilTimeout
                0x000000000800a9c0       0x94 Drivers/STM32F4xx_HAL_Driver/Src/stm32f4xx_hal_uart.o
 .text.UART_EndTxTransfer
                0x000000000800aa54       0x2c Drivers/STM32F4xx_HAL_Driver/Src/stm32f4xx_hal_uart.o
 .text.UART_EndRxTransfer
                0x000000000800aa80       0x3c Drivers/STM32F4xx_HAL_Driver/Src/stm32f4xx_hal_uart.o
 .text.UART_DMAAbortOnError
                0x000000000800aabc       0x28 Drivers/STM32F4xx_HAL_Driver/Src/stm32f4xx_hal_uart.o
 .text.UART_Transmit_IT
                0x000000000800aae4       0xac Drivers/STM32F4xx_HAL_Driver/Src/stm32f4xx_hal_uart.o
 .text.UART_EndTransmit_IT
                0x000000000800ab90       0x30 Drivers/STM32F4xx_HAL_Driver/Src/stm32f4xx_hal_uart.o
 .text.UART_Receive_IT
                0x000000000800abc0      0x102 Drivers/STM32F4xx_HAL_Driver/Src/stm32f4xx_hal_uart.o
 *fill*         0x000000000800acc2        0x2 
 .text.UART_SetConfig
                0x000000000800acc4      0x6f8 Drivers/STM32F4xx_HAL_Driver/Src/stm32f4xx_hal_uart.o
 .text.makeFreeRtosPriority
                0x000000000800b3bc       0x30 Middlewares/Third_Party/FreeRTOS/Source/CMSIS_RTOS/cmsis_os.o
 .text.osKernelStart
                0x000000000800b3ec        0xe Middlewares/Third_Party/FreeRTOS/Source/CMSIS_RTOS/cmsis_os.o
                0x000000000800b3ec                osKernelStart
 .text.osThreadCreate
                0x000000000800b3fa       0x98 Middlewares/Third_Party/FreeRTOS/Source/CMSIS_RTOS/cmsis_os.o
                0x000000000800b3fa                osThreadCreate
 .text.osDelay  0x000000000800b492       0x28 Middlewares/Third_Party/FreeRTOS/Source/CMSIS_RTOS/cmsis_os.o
                0x000000000800b492                osDelay
 .text.vListInitialise
                0x000000000800b4ba       0x40 Middlewares/Third_Party/FreeRTOS/Source/list.o
                0x000000000800b4ba                vListInitialise
 .text.vListInitialiseItem
                0x000000000800b4fa       0x1a Middlewares/Third_Party/FreeRTOS/Source/list.o
                0x000000000800b4fa                vListInitialiseItem
 .text.vListInsertEnd
                0x000000000800b514       0x48 Middlewares/Third_Party/FreeRTOS/Source/list.o
                0x000000000800b514                vListInsertEnd
 .text.vListInsert
                0x000000000800b55c       0x72 Middlewares/Third_Party/FreeRTOS/Source/list.o
                0x000000000800b55c                vListInsert
 .text.uxListRemove
                0x000000000800b5ce       0x54 Middlewares/Third_Party/FreeRTOS/Source/list.o
                0x000000000800b5ce                uxListRemove
 .text.xTaskCreateStatic
                0x000000000800b622       0xb4 Middlewares/Third_Party/FreeRTOS/Source/tasks.o
                0x000000000800b622                xTaskCreateStatic
 .text.xTaskCreate
                0x000000000800b6d6       0x8a Middlewares/Third_Party/FreeRTOS/Source/tasks.o
                0x000000000800b6d6                xTaskCreate
 .text.prvInitialiseNewTask
                0x000000000800b760      0x10c Middlewares/Third_Party/FreeRTOS/Source/tasks.o
 .text.prvAddNewTaskToReadyList
                0x000000000800b86c       0xd4 Middlewares/Third_Party/FreeRTOS/Source/tasks.o
 .text.vTaskDelay
                0x000000000800b940       0x68 Middlewares/Third_Party/FreeRTOS/Source/tasks.o
                0x000000000800b940                vTaskDelay
 .text.vTaskStartScheduler
                0x000000000800b9a8       0xbc Middlewares/Third_Party/FreeRTOS/Source/tasks.o
                0x000000000800b9a8                vTaskStartScheduler
 .text.vTaskSuspendAll
                0x000000000800ba64       0x1c Middlewares/Third_Party/FreeRTOS/Source/tasks.o
                0x000000000800ba64                vTaskSuspendAll
 .text.xTaskResumeAll
                0x000000000800ba80      0x138 Middlewares/Third_Party/FreeRTOS/Source/tasks.o
                0x000000000800ba80                xTaskResumeAll
 .text.xTaskIncrementTick
                0x000000000800bbb8      0x170 Middlewares/Third_Party/FreeRTOS/Source/tasks.o
                0x000000000800bbb8                xTaskIncrementTick
 .text.vTaskSwitchContext
                0x000000000800bd28       0xb4 Middlewares/Third_Party/FreeRTOS/Source/tasks.o
                0x000000000800bd28                vTaskSwitchContext
 .text.vTaskSetTimeOutState
                0x000000000800bddc       0x4c Middlewares/Third_Party/FreeRTOS/Source/tasks.o
                0x000000000800bddc                vTaskSetTimeOutState
 .text.vTaskInternalSetTimeOutState
                0x000000000800be28       0x2c Middlewares/Third_Party/FreeRTOS/Source/tasks.o
                0x000000000800be28                vTaskInternalSetTimeOutState
 .text.xTaskCheckForTimeOut
                0x000000000800be54       0xc0 Middlewares/Third_Party/FreeRTOS/Source/tasks.o
                0x000000000800be54                xTaskCheckForTimeOut
 .text.prvIdleTask
                0x000000000800bf14       0x30 Middlewares/Third_Party/FreeRTOS/Source/tasks.o
 .text.prvInitialiseTaskLists
                0x000000000800bf44       0x80 Middlewares/Third_Party/FreeRTOS/Source/tasks.o
 .text.prvCheckTasksWaitingTermination
                0x000000000800bfc4       0x58 Middlewares/Third_Party/FreeRTOS/Source/tasks.o
 .text.prvDeleteTCB
                0x000000000800c01c       0x5c Middlewares/Third_Party/FreeRTOS/Source/tasks.o
 .text.prvResetNextTaskUnblockTime
                0x000000000800c078       0x40 Middlewares/Third_Party/FreeRTOS/Source/tasks.o
 .text.prvAddCurrentTaskToDelayedList
                0x000000000800c0b8       0xcc Middlewares/Third_Party/FreeRTOS/Source/tasks.o
 .text.pxPortInitialiseStack
                0x000000000800c184       0x68 Middlewares/Third_Party/FreeRTOS/Source/portable/GCC/ARM_CM4F/port.o
                0x000000000800c184                pxPortInitialiseStack
 .text.prvTaskExitError
                0x000000000800c1ec       0x54 Middlewares/Third_Party/FreeRTOS/Source/portable/GCC/ARM_CM4F/port.o
 .text.SVC_Handler
                0x000000000800c240       0x28 Middlewares/Third_Party/FreeRTOS/Source/portable/GCC/ARM_CM4F/port.o
                0x000000000800c240                SVC_Handler
 .text.prvPortStartFirstTask
                0x000000000800c268       0x28 Middlewares/Third_Party/FreeRTOS/Source/portable/GCC/ARM_CM4F/port.o
 .text.xPortStartScheduler
                0x000000000800c290      0x13c Middlewares/Third_Party/FreeRTOS/Source/portable/GCC/ARM_CM4F/port.o
                0x000000000800c290                xPortStartScheduler
 .text.vPortEnterCritical
                0x000000000800c3cc       0x5c Middlewares/Third_Party/FreeRTOS/Source/portable/GCC/ARM_CM4F/port.o
                0x000000000800c3cc                vPortEnterCritical
 .text.vPortExitCritical
                0x000000000800c428       0x50 Middlewares/Third_Party/FreeRTOS/Source/portable/GCC/ARM_CM4F/port.o
                0x000000000800c428                vPortExitCritical
 *fill*         0x000000000800c478        0x8 
 .text.PendSV_Handler
                0x000000000800c480       0x68 Middlewares/Third_Party/FreeRTOS/Source/portable/GCC/ARM_CM4F/port.o
                0x000000000800c480                PendSV_Handler
 .text.SysTick_Handler
                0x000000000800c4e8       0x40 Middlewares/Third_Party/FreeRTOS/Source/portable/GCC/ARM_CM4F/port.o
                0x000000000800c4e8                SysTick_Handler
 .text.vPortSetupTimerInterrupt
                0x000000000800c528       0x48 Middlewares/Third_Party/FreeRTOS/Source/portable/GCC/ARM_CM4F/port.o
                0x000000000800c528                vPortSetupTimerInterrupt
 .text.vPortEnableVFP
                0x000000000800c570       0x14 Middlewares/Third_Party/FreeRTOS/Source/portable/GCC/ARM_CM4F/port.o
 .text.pvPortMalloc
                0x000000000800c584      0x184 Middlewares/Third_Party/FreeRTOS/Source/portable/MemMang/heap_4.o
                0x000000000800c584                pvPortMalloc
 .text.vPortFree
                0x000000000800c708       0xb0 Middlewares/Third_Party/FreeRTOS/Source/portable/MemMang/heap_4.o
                0x000000000800c708                vPortFree
 .text.prvHeapInit
                0x000000000800c7b8       0xc4 Middlewares/Third_Party/FreeRTOS/Source/portable/MemMang/heap_4.o
 .text.prvInsertBlockIntoFreeList
                0x000000000800c87c       0xb4 Middlewares/Third_Party/FreeRTOS/Source/portable/MemMang/heap_4.o
 .text.atoi     0x000000000800c930        0x8 c:/st/stm32cubeide_1.3.0/stm32cubeide/plugins/com.st.stm32cube.ide.mcu.externaltools.gnu-tools-for-stm32.7-2018-q2-update.win32_1.0.0.201904181610/tools/bin/../lib/gcc/arm-none-eabi/7.3.1/../../../../arm-none-eabi/lib/thumb/v7e-m/fpv4-sp/hard\libc_nano.a(lib_a-atoi.o)
                0x000000000800c930                atoi
 .text.__errno  0x000000000800c938        0xc c:/st/stm32cubeide_1.3.0/stm32cubeide/plugins/com.st.stm32cube.ide.mcu.externaltools.gnu-tools-for-stm32.7-2018-q2-update.win32_1.0.0.201904181610/tools/bin/../lib/gcc/arm-none-eabi/7.3.1/../../../../arm-none-eabi/lib/thumb/v7e-m/fpv4-sp/hard\libc_nano.a(lib_a-errno.o)
                0x000000000800c938                __errno
 .text.__libc_init_array
                0x000000000800c944       0x48 c:/st/stm32cubeide_1.3.0/stm32cubeide/plugins/com.st.stm32cube.ide.mcu.externaltools.gnu-tools-for-stm32.7-2018-q2-update.win32_1.0.0.201904181610/tools/bin/../lib/gcc/arm-none-eabi/7.3.1/../../../../arm-none-eabi/lib/thumb/v7e-m/fpv4-sp/hard\libc_nano.a(lib_a-init.o)
                0x000000000800c944                __libc_init_array
 .text.memcpy   0x000000000800c98c       0x16 c:/st/stm32cubeide_1.3.0/stm32cubeide/plugins/com.st.stm32cube.ide.mcu.externaltools.gnu-tools-for-stm32.7-2018-q2-update.win32_1.0.0.201904181610/tools/bin/../lib/gcc/arm-none-eabi/7.3.1/../../../../arm-none-eabi/lib/thumb/v7e-m/fpv4-sp/hard\libc_nano.a(lib_a-memcpy-stub.o)
                0x000000000800c98c                memcpy
 .text.memset   0x000000000800c9a2       0x10 c:/st/stm32cubeide_1.3.0/stm32cubeide/plugins/com.st.stm32cube.ide.mcu.externaltools.gnu-tools-for-stm32.7-2018-q2-update.win32_1.0.0.201904181610/tools/bin/../lib/gcc/arm-none-eabi/7.3.1/../../../../arm-none-eabi/lib/thumb/v7e-m/fpv4-sp/hard\libc_nano.a(lib_a-memset.o)
                0x000000000800c9a2                memset
 *fill*         0x000000000800c9b2        0x2 
 .text.printf   0x000000000800c9b4       0x30 c:/st/stm32cubeide_1.3.0/stm32cubeide/plugins/com.st.stm32cube.ide.mcu.externaltools.gnu-tools-for-stm32.7-2018-q2-update.win32_1.0.0.201904181610/tools/bin/../lib/gcc/arm-none-eabi/7.3.1/../../../../arm-none-eabi/lib/thumb/v7e-m/fpv4-sp/hard\libc_nano.a(lib_a-printf.o)
                0x000000000800c9b4                iprintf
                0x000000000800c9b4                printf
 .text._puts_r  0x000000000800c9e4       0xb8 c:/st/stm32cubeide_1.3.0/stm32cubeide/plugins/com.st.stm32cube.ide.mcu.externaltools.gnu-tools-for-stm32.7-2018-q2-update.win32_1.0.0.201904181610/tools/bin/../lib/gcc/arm-none-eabi/7.3.1/../../../../arm-none-eabi/lib/thumb/v7e-m/fpv4-sp/hard\libc_nano.a(lib_a-puts.o)
                0x000000000800c9e4                _puts_r
 .text.puts     0x000000000800ca9c       0x10 c:/st/stm32cubeide_1.3.0/stm32cubeide/plugins/com.st.stm32cube.ide.mcu.externaltools.gnu-tools-for-stm32.7-2018-q2-update.win32_1.0.0.201904181610/tools/bin/../lib/gcc/arm-none-eabi/7.3.1/../../../../arm-none-eabi/lib/thumb/v7e-m/fpv4-sp/hard\libc_nano.a(lib_a-puts.o)
                0x000000000800ca9c                puts
 .text.sprintf  0x000000000800caac       0x40 c:/st/stm32cubeide_1.3.0/stm32cubeide/plugins/com.st.stm32cube.ide.mcu.externaltools.gnu-tools-for-stm32.7-2018-q2-update.win32_1.0.0.201904181610/tools/bin/../lib/gcc/arm-none-eabi/7.3.1/../../../../arm-none-eabi/lib/thumb/v7e-m/fpv4-sp/hard\libc_nano.a(lib_a-sprintf.o)
                0x000000000800caac                siprintf
                0x000000000800caac                sprintf
 .text.strchr   0x000000000800caec       0x1a c:/st/stm32cubeide_1.3.0/stm32cubeide/plugins/com.st.stm32cube.ide.mcu.externaltools.gnu-tools-for-stm32.7-2018-q2-update.win32_1.0.0.201904181610/tools/bin/../lib/gcc/arm-none-eabi/7.3.1/../../../../arm-none-eabi/lib/thumb/v7e-m/fpv4-sp/hard\libc_nano.a(lib_a-strchr.o)
                0x000000000800caec                strchr
 .text.strncmp  0x000000000800cb06       0x24 c:/st/stm32cubeide_1.3.0/stm32cubeide/plugins/com.st.stm32cube.ide.mcu.externaltools.gnu-tools-for-stm32.7-2018-q2-update.win32_1.0.0.201904181610/tools/bin/../lib/gcc/arm-none-eabi/7.3.1/../../../../arm-none-eabi/lib/thumb/v7e-m/fpv4-sp/hard\libc_nano.a(lib_a-strncmp.o)
                0x000000000800cb06                strncmp
 .text.strstr   0x000000000800cb2a       0x34 c:/st/stm32cubeide_1.3.0/stm32cubeide/plugins/com.st.stm32cube.ide.mcu.externaltools.gnu-tools-for-stm32.7-2018-q2-update.win32_1.0.0.201904181610/tools/bin/../lib/gcc/arm-none-eabi/7.3.1/../../../../arm-none-eabi/lib/thumb/v7e-m/fpv4-sp/hard\libc_nano.a(lib_a-strstr.o)
                0x000000000800cb2a                strstr
 .text._strtol_l.isra.0
                0x000000000800cb5e       0xf6 c:/st/stm32cubeide_1.3.0/stm32cubeide/plugins/com.st.stm32cube.ide.mcu.externaltools.gnu-tools-for-stm32.7-2018-q2-update.win32_1.0.0.201904181610/tools/bin/../lib/gcc/arm-none-eabi/7.3.1/../../../../arm-none-eabi/lib/thumb/v7e-m/fpv4-sp/hard\libc_nano.a(lib_a-strtol.o)
 .text.strtol   0x000000000800cc54       0x2c c:/st/stm32cubeide_1.3.0/stm32cubeide/plugins/com.st.stm32cube.ide.mcu.externaltools.gnu-tools-for-stm32.7-2018-q2-update.win32_1.0.0.201904181610/tools/bin/../lib/gcc/arm-none-eabi/7.3.1/../../../../arm-none-eabi/lib/thumb/v7e-m/fpv4-sp/hard\libc_nano.a(lib_a-strtol.o)
                0x000000000800cc54                strtol
 .text.__swbuf_r
                0x000000000800cc80       0xa4 c:/st/stm32cubeide_1.3.0/stm32cubeide/plugins/com.st.stm32cube.ide.mcu.externaltools.gnu-tools-for-stm32.7-2018-q2-update.win32_1.0.0.201904181610/tools/bin/../lib/gcc/arm-none-eabi/7.3.1/../../../../arm-none-eabi/lib/thumb/v7e-m/fpv4-sp/hard\libc_nano.a(lib_a-wbuf.o)
                0x000000000800cc80                __swbuf_r
 .text.__swsetup_r
                0x000000000800cd24       0xdc c:/st/stm32cubeide_1.3.0/stm32cubeide/plugins/com.st.stm32cube.ide.mcu.externaltools.gnu-tools-for-stm32.7-2018-q2-update.win32_1.0.0.201904181610/tools/bin/../lib/gcc/arm-none-eabi/7.3.1/../../../../arm-none-eabi/lib/thumb/v7e-m/fpv4-sp/hard\libc_nano.a(lib_a-wsetup.o)
                0x000000000800cd24                __swsetup_r
 .text.__sflush_r
                0x000000000800ce00      0x10c c:/st/stm32cubeide_1.3.0/stm32cubeide/plugins/com.st.stm32cube.ide.mcu.externaltools.gnu-tools-for-stm32.7-2018-q2-update.win32_1.0.0.201904181610/tools/bin/../lib/gcc/arm-none-eabi/7.3.1/../../../../arm-none-eabi/lib/thumb/v7e-m/fpv4-sp/hard\libc_nano.a(lib_a-fflush.o)
                0x000000000800ce00                __sflush_r
 .text._fflush_r
                0x000000000800cf0c       0x54 c:/st/stm32cubeide_1.3.0/stm32cubeide/plugins/com.st.stm32cube.ide.mcu.externaltools.gnu-tools-for-stm32.7-2018-q2-update.win32_1.0.0.201904181610/tools/bin/../lib/gcc/arm-none-eabi/7.3.1/../../../../arm-none-eabi/lib/thumb/v7e-m/fpv4-sp/hard\libc_nano.a(lib_a-fflush.o)
                0x000000000800cf0c                _fflush_r
 .text.std      0x000000000800cf60       0x48 c:/st/stm32cubeide_1.3.0/stm32cubeide/plugins/com.st.stm32cube.ide.mcu.externaltools.gnu-tools-for-stm32.7-2018-q2-update.win32_1.0.0.201904181610/tools/bin/../lib/gcc/arm-none-eabi/7.3.1/../../../../arm-none-eabi/lib/thumb/v7e-m/fpv4-sp/hard\libc_nano.a(lib_a-findfp.o)
 .text._cleanup_r
                0x000000000800cfa8        0xc c:/st/stm32cubeide_1.3.0/stm32cubeide/plugins/com.st.stm32cube.ide.mcu.externaltools.gnu-tools-for-stm32.7-2018-q2-update.win32_1.0.0.201904181610/tools/bin/../lib/gcc/arm-none-eabi/7.3.1/../../../../arm-none-eabi/lib/thumb/v7e-m/fpv4-sp/hard\libc_nano.a(lib_a-findfp.o)
                0x000000000800cfa8                _cleanup_r
 .text.__sfmoreglue
                0x000000000800cfb4       0x2c c:/st/stm32cubeide_1.3.0/stm32cubeide/plugins/com.st.stm32cube.ide.mcu.externaltools.gnu-tools-for-stm32.7-2018-q2-update.win32_1.0.0.201904181610/tools/bin/../lib/gcc/arm-none-eabi/7.3.1/../../../../arm-none-eabi/lib/thumb/v7e-m/fpv4-sp/hard\libc_nano.a(lib_a-findfp.o)
                0x000000000800cfb4                __sfmoreglue
 .text.__sinit  0x000000000800cfe0       0x60 c:/st/stm32cubeide_1.3.0/stm32cubeide/plugins/com.st.stm32cube.ide.mcu.externaltools.gnu-tools-for-stm32.7-2018-q2-update.win32_1.0.0.201904181610/tools/bin/../lib/gcc/arm-none-eabi/7.3.1/../../../../arm-none-eabi/lib/thumb/v7e-m/fpv4-sp/hard\libc_nano.a(lib_a-findfp.o)
                0x000000000800cfe0                __sinit
 .text.__sfp    0x000000000800d040       0x78 c:/st/stm32cubeide_1.3.0/stm32cubeide/plugins/com.st.stm32cube.ide.mcu.externaltools.gnu-tools-for-stm32.7-2018-q2-update.win32_1.0.0.201904181610/tools/bin/../lib/gcc/arm-none-eabi/7.3.1/../../../../arm-none-eabi/lib/thumb/v7e-m/fpv4-sp/hard\libc_nano.a(lib_a-findfp.o)
                0x000000000800d040                __sfp
 .text._fwalk_reent
                0x000000000800d0b8       0x3c c:/st/stm32cubeide_1.3.0/stm32cubeide/plugins/com.st.stm32cube.ide.mcu.externaltools.gnu-tools-for-stm32.7-2018-q2-update.win32_1.0.0.201904181610/tools/bin/../lib/gcc/arm-none-eabi/7.3.1/../../../../arm-none-eabi/lib/thumb/v7e-m/fpv4-sp/hard\libc_nano.a(lib_a-fwalk.o)
                0x000000000800d0b8                _fwalk_reent
 .text.__locale_ctype_ptr_l
                0x000000000800d0f4        0x6 c:/st/stm32cubeide_1.3.0/stm32cubeide/plugins/com.st.stm32cube.ide.mcu.externaltools.gnu-tools-for-stm32.7-2018-q2-update.win32_1.0.0.201904181610/tools/bin/../lib/gcc/arm-none-eabi/7.3.1/../../../../arm-none-eabi/lib/thumb/v7e-m/fpv4-sp/hard\libc_nano.a(lib_a-locale.o)
                0x000000000800d0f4                __locale_ctype_ptr_l
 .text.__swhatbuf_r
                0x000000000800d0fa       0x48 c:/st/stm32cubeide_1.3.0/stm32cubeide/plugins/com.st.stm32cube.ide.mcu.externaltools.gnu-tools-for-stm32.7-2018-q2-update.win32_1.0.0.201904181610/tools/bin/../lib/gcc/arm-none-eabi/7.3.1/../../../../arm-none-eabi/lib/thumb/v7e-m/fpv4-sp/hard\libc_nano.a(lib_a-makebuf.o)
                0x000000000800d0fa                __swhatbuf_r
 *fill*         0x000000000800d142        0x2 
 .text.__smakebuf_r
                0x000000000800d144       0x80 c:/st/stm32cubeide_1.3.0/stm32cubeide/plugins/com.st.stm32cube.ide.mcu.externaltools.gnu-tools-for-stm32.7-2018-q2-update.win32_1.0.0.201904181610/tools/bin/../lib/gcc/arm-none-eabi/7.3.1/../../../../arm-none-eabi/lib/thumb/v7e-m/fpv4-sp/hard\libc_nano.a(lib_a-makebuf.o)
                0x000000000800d144                __smakebuf_r
 .text.__ascii_mbtowc
                0x000000000800d1c4       0x24 c:/st/stm32cubeide_1.3.0/stm32cubeide/plugins/com.st.stm32cube.ide.mcu.externaltools.gnu-tools-for-stm32.7-2018-q2-update.win32_1.0.0.201904181610/tools/bin/../lib/gcc/arm-none-eabi/7.3.1/../../../../arm-none-eabi/lib/thumb/v7e-m/fpv4-sp/hard\libc_nano.a(lib_a-mbtowc_r.o)
                0x000000000800d1c4                __ascii_mbtowc
 .text._free_r  0x000000000800d1e8       0x9c c:/st/stm32cubeide_1.3.0/stm32cubeide/plugins/com.st.stm32cube.ide.mcu.externaltools.gnu-tools-for-stm32.7-2018-q2-update.win32_1.0.0.201904181610/tools/bin/../lib/gcc/arm-none-eabi/7.3.1/../../../../arm-none-eabi/lib/thumb/v7e-m/fpv4-sp/hard\libc_nano.a(lib_a-nano-freer.o)
                0x000000000800d1e8                _free_r
 .text._malloc_r
                0x000000000800d284       0xb4 c:/st/stm32cubeide_1.3.0/stm32cubeide/plugins/com.st.stm32cube.ide.mcu.externaltools.gnu-tools-for-stm32.7-2018-q2-update.win32_1.0.0.201904181610/tools/bin/../lib/gcc/arm-none-eabi/7.3.1/../../../../arm-none-eabi/lib/thumb/v7e-m/fpv4-sp/hard\libc_nano.a(lib_a-nano-mallocr.o)
                0x000000000800d284                _malloc_r
 .text.__ssputs_r
                0x000000000800d338       0xb4 c:/st/stm32cubeide_1.3.0/stm32cubeide/plugins/com.st.stm32cube.ide.mcu.externaltools.gnu-tools-for-stm32.7-2018-q2-update.win32_1.0.0.201904181610/tools/bin/../lib/gcc/arm-none-eabi/7.3.1/../../../../arm-none-eabi/lib/thumb/v7e-m/fpv4-sp/hard\libc_nano.a(lib_a-nano-svfprintf.o)
                0x000000000800d338                __ssputs_r
 .text._svfprintf_r
                0x000000000800d3ec      0x1f0 c:/st/stm32cubeide_1.3.0/stm32cubeide/plugins/com.st.stm32cube.ide.mcu.externaltools.gnu-tools-for-stm32.7-2018-q2-update.win32_1.0.0.201904181610/tools/bin/../lib/gcc/arm-none-eabi/7.3.1/../../../../arm-none-eabi/lib/thumb/v7e-m/fpv4-sp/hard\libc_nano.a(lib_a-nano-svfprintf.o)
                0x000000000800d3ec                _svfiprintf_r
                0x000000000800d3ec                _svfprintf_r
 .text.__sfputc_r
                0x000000000800d5dc       0x2e c:/st/stm32cubeide_1.3.0/stm32cubeide/plugins/com.st.stm32cube.ide.mcu.externaltools.gnu-tools-for-stm32.7-2018-q2-update.win32_1.0.0.201904181610/tools/bin/../lib/gcc/arm-none-eabi/7.3.1/../../../../arm-none-eabi/lib/thumb/v7e-m/fpv4-sp/hard\libc_nano.a(lib_a-nano-vfprintf.o)
 .text.__sfputs_r
                0x000000000800d60a       0x24 c:/st/stm32cubeide_1.3.0/stm32cubeide/plugins/com.st.stm32cube.ide.mcu.externaltools.gnu-tools-for-stm32.7-2018-q2-update.win32_1.0.0.201904181610/tools/bin/../lib/gcc/arm-none-eabi/7.3.1/../../../../arm-none-eabi/lib/thumb/v7e-m/fpv4-sp/hard\libc_nano.a(lib_a-nano-vfprintf.o)
                0x000000000800d60a                __sfputs_r
 *fill*         0x000000000800d62e        0x2 
 .text._vfprintf_r
                0x000000000800d630      0x22c c:/st/stm32cubeide_1.3.0/stm32cubeide/plugins/com.st.stm32cube.ide.mcu.externaltools.gnu-tools-for-stm32.7-2018-q2-update.win32_1.0.0.201904181610/tools/bin/../lib/gcc/arm-none-eabi/7.3.1/../../../../arm-none-eabi/lib/thumb/v7e-m/fpv4-sp/hard\libc_nano.a(lib_a-nano-vfprintf.o)
                0x000000000800d630                _vfprintf_r
                0x000000000800d630                _vfiprintf_r
 .text._printf_common
                0x000000000800d85c       0xea c:/st/stm32cubeide_1.3.0/stm32cubeide/plugins/com.st.stm32cube.ide.mcu.externaltools.gnu-tools-for-stm32.7-2018-q2-update.win32_1.0.0.201904181610/tools/bin/../lib/gcc/arm-none-eabi/7.3.1/../../../../arm-none-eabi/lib/thumb/v7e-m/fpv4-sp/hard\libc_nano.a(lib_a-nano-vfprintf_i.o)
                0x000000000800d85c                _printf_common
 *fill*         0x000000000800d946        0x2 
 .text._printf_i
                0x000000000800d948      0x224 c:/st/stm32cubeide_1.3.0/stm32cubeide/plugins/com.st.stm32cube.ide.mcu.externaltools.gnu-tools-for-stm32.7-2018-q2-update.win32_1.0.0.201904181610/tools/bin/../lib/gcc/arm-none-eabi/7.3.1/../../../../arm-none-eabi/lib/thumb/v7e-m/fpv4-sp/hard\libc_nano.a(lib_a-nano-vfprintf_i.o)
                0x000000000800d948                _printf_i
 .text._sbrk_r  0x000000000800db6c       0x20 c:/st/stm32cubeide_1.3.0/stm32cubeide/plugins/com.st.stm32cube.ide.mcu.externaltools.gnu-tools-for-stm32.7-2018-q2-update.win32_1.0.0.201904181610/tools/bin/../lib/gcc/arm-none-eabi/7.3.1/../../../../arm-none-eabi/lib/thumb/v7e-m/fpv4-sp/hard\libc_nano.a(lib_a-sbrkr.o)
                0x000000000800db6c                _sbrk_r
 .text.__sread  0x000000000800db8c       0x22 c:/st/stm32cubeide_1.3.0/stm32cubeide/plugins/com.st.stm32cube.ide.mcu.externaltools.gnu-tools-for-stm32.7-2018-q2-update.win32_1.0.0.201904181610/tools/bin/../lib/gcc/arm-none-eabi/7.3.1/../../../../arm-none-eabi/lib/thumb/v7e-m/fpv4-sp/hard\libc_nano.a(lib_a-stdio.o)
                0x000000000800db8c                __sread
 .text.__swrite
                0x000000000800dbae       0x38 c:/st/stm32cubeide_1.3.0/stm32cubeide/plugins/com.st.stm32cube.ide.mcu.externaltools.gnu-tools-for-stm32.7-2018-q2-update.win32_1.0.0.201904181610/tools/bin/../lib/gcc/arm-none-eabi/7.3.1/../../../../arm-none-eabi/lib/thumb/v7e-m/fpv4-sp/hard\libc_nano.a(lib_a-stdio.o)
                0x000000000800dbae                __swrite
 .text.__sseek  0x000000000800dbe6       0x24 c:/st/stm32cubeide_1.3.0/stm32cubeide/plugins/com.st.stm32cube.ide.mcu.externaltools.gnu-tools-for-stm32.7-2018-q2-update.win32_1.0.0.201904181610/tools/bin/../lib/gcc/arm-none-eabi/7.3.1/../../../../arm-none-eabi/lib/thumb/v7e-m/fpv4-sp/hard\libc_nano.a(lib_a-stdio.o)
                0x000000000800dbe6                __sseek
 .text.__sclose
                0x000000000800dc0a        0x8 c:/st/stm32cubeide_1.3.0/stm32cubeide/plugins/com.st.stm32cube.ide.mcu.externaltools.gnu-tools-for-stm32.7-2018-q2-update.win32_1.0.0.201904181610/tools/bin/../lib/gcc/arm-none-eabi/7.3.1/../../../../arm-none-eabi/lib/thumb/v7e-m/fpv4-sp/hard\libc_nano.a(lib_a-stdio.o)
                0x000000000800dc0a                __sclose
 .text.__ascii_wctomb
                0x000000000800dc12       0x1a c:/st/stm32cubeide_1.3.0/stm32cubeide/plugins/com.st.stm32cube.ide.mcu.externaltools.gnu-tools-for-stm32.7-2018-q2-update.win32_1.0.0.201904181610/tools/bin/../lib/gcc/arm-none-eabi/7.3.1/../../../../arm-none-eabi/lib/thumb/v7e-m/fpv4-sp/hard\libc_nano.a(lib_a-wctomb_r.o)
                0x000000000800dc12                __ascii_wctomb
 .text._write_r
                0x000000000800dc2c       0x24 c:/st/stm32cubeide_1.3.0/stm32cubeide/plugins/com.st.stm32cube.ide.mcu.externaltools.gnu-tools-for-stm32.7-2018-q2-update.win32_1.0.0.201904181610/tools/bin/../lib/gcc/arm-none-eabi/7.3.1/../../../../arm-none-eabi/lib/thumb/v7e-m/fpv4-sp/hard\libc_nano.a(lib_a-writer.o)
                0x000000000800dc2c                _write_r
 .text._close_r
                0x000000000800dc50       0x20 c:/st/stm32cubeide_1.3.0/stm32cubeide/plugins/com.st.stm32cube.ide.mcu.externaltools.gnu-tools-for-stm32.7-2018-q2-update.win32_1.0.0.201904181610/tools/bin/../lib/gcc/arm-none-eabi/7.3.1/../../../../arm-none-eabi/lib/thumb/v7e-m/fpv4-sp/hard\libc_nano.a(lib_a-closer.o)
                0x000000000800dc50                _close_r
 .text._fstat_r
                0x000000000800dc70       0x24 c:/st/stm32cubeide_1.3.0/stm32cubeide/plugins/com.st.stm32cube.ide.mcu.externaltools.gnu-tools-for-stm32.7-2018-q2-update.win32_1.0.0.201904181610/tools/bin/../lib/gcc/arm-none-eabi/7.3.1/../../../../arm-none-eabi/lib/thumb/v7e-m/fpv4-sp/hard\libc_nano.a(lib_a-fstatr.o)
                0x000000000800dc70                _fstat_r
 .text._isatty_r
                0x000000000800dc94       0x20 c:/st/stm32cubeide_1.3.0/stm32cubeide/plugins/com.st.stm32cube.ide.mcu.externaltools.gnu-tools-for-stm32.7-2018-q2-update.win32_1.0.0.201904181610/tools/bin/../lib/gcc/arm-none-eabi/7.3.1/../../../../arm-none-eabi/lib/thumb/v7e-m/fpv4-sp/hard\libc_nano.a(lib_a-isattyr.o)
                0x000000000800dc94                _isatty_r
 .text._lseek_r
                0x000000000800dcb4       0x24 c:/st/stm32cubeide_1.3.0/stm32cubeide/plugins/com.st.stm32cube.ide.mcu.externaltools.gnu-tools-for-stm32.7-2018-q2-update.win32_1.0.0.201904181610/tools/bin/../lib/gcc/arm-none-eabi/7.3.1/../../../../arm-none-eabi/lib/thumb/v7e-m/fpv4-sp/hard\libc_nano.a(lib_a-lseekr.o)
                0x000000000800dcb4                _lseek_r
 .text.memmove  0x000000000800dcd8       0x32 c:/st/stm32cubeide_1.3.0/stm32cubeide/plugins/com.st.stm32cube.ide.mcu.externaltools.gnu-tools-for-stm32.7-2018-q2-update.win32_1.0.0.201904181610/tools/bin/../lib/gcc/arm-none-eabi/7.3.1/../../../../arm-none-eabi/lib/thumb/v7e-m/fpv4-sp/hard\libc_nano.a(lib_a-memmove.o)
                0x000000000800dcd8                memmove
 .text.__malloc_lock
                0x000000000800dd0a        0x2 c:/st/stm32cubeide_1.3.0/stm32cubeide/plugins/com.st.stm32cube.ide.mcu.externaltools.gnu-tools-for-stm32.7-2018-q2-update.win32_1.0.0.201904181610/tools/bin/../lib/gcc/arm-none-eabi/7.3.1/../../../../arm-none-eabi/lib/thumb/v7e-m/fpv4-sp/hard\libc_nano.a(lib_a-mlock.o)
                0x000000000800dd0a                __malloc_lock
 .text.__malloc_unlock
                0x000000000800dd0c        0x2 c:/st/stm32cubeide_1.3.0/stm32cubeide/plugins/com.st.stm32cube.ide.mcu.externaltools.gnu-tools-for-stm32.7-2018-q2-update.win32_1.0.0.201904181610/tools/bin/../lib/gcc/arm-none-eabi/7.3.1/../../../../arm-none-eabi/lib/thumb/v7e-m/fpv4-sp/hard\libc_nano.a(lib_a-mlock.o)
                0x000000000800dd0c                __malloc_unlock
 .text._realloc_r
                0x000000000800dd0e       0x4c c:/st/stm32cubeide_1.3.0/stm32cubeide/plugins/com.st.stm32cube.ide.mcu.externaltools.gnu-tools-for-stm32.7-2018-q2-update.win32_1.0.0.201904181610/tools/bin/../lib/gcc/arm-none-eabi/7.3.1/../../../../arm-none-eabi/lib/thumb/v7e-m/fpv4-sp/hard\libc_nano.a(lib_a-nano-reallocr.o)
                0x000000000800dd0e                _realloc_r
 *fill*         0x000000000800dd5a        0x2 
 .text._read_r  0x000000000800dd5c       0x24 c:/st/stm32cubeide_1.3.0/stm32cubeide/plugins/com.st.stm32cube.ide.mcu.externaltools.gnu-tools-for-stm32.7-2018-q2-update.win32_1.0.0.201904181610/tools/bin/../lib/gcc/arm-none-eabi/7.3.1/../../../../arm-none-eabi/lib/thumb/v7e-m/fpv4-sp/hard\libc_nano.a(lib_a-readr.o)
                0x000000000800dd5c                _read_r
 .text._malloc_usable_size_r
                0x000000000800dd80       0x10 c:/st/stm32cubeide_1.3.0/stm32cubeide/plugins/com.st.stm32cube.ide.mcu.externaltools.gnu-tools-for-stm32.7-2018-q2-update.win32_1.0.0.201904181610/tools/bin/../lib/gcc/arm-none-eabi/7.3.1/../../../../arm-none-eabi/lib/thumb/v7e-m/fpv4-sp/hard\libc_nano.a(lib_a-nano-msizer.o)
                0x000000000800dd80                _malloc_usable_size_r
 .text.trunc    0x000000000800dd90       0x74 c:/st/stm32cubeide_1.3.0/stm32cubeide/plugins/com.st.stm32cube.ide.mcu.externaltools.gnu-tools-for-stm32.7-2018-q2-update.win32_1.0.0.201904181610/tools/bin/../lib/gcc/arm-none-eabi/7.3.1/../../../../arm-none-eabi/lib/thumb/v7e-m/fpv4-sp/hard\libm.a(lib_a-s_trunc.o)
                0x000000000800dd90                trunc
 *(.glue_7)
 .glue_7        0x000000000800de04        0x0 linker stubs
 *(.glue_7t)
 .glue_7t       0x000000000800de04        0x0 linker stubs
 *(.eh_frame)
 .eh_frame      0x000000000800de04        0x0 c:/st/stm32cubeide_1.3.0/stm32cubeide/plugins/com.st.stm32cube.ide.mcu.externaltools.gnu-tools-for-stm32.7-2018-q2-update.win32_1.0.0.201904181610/tools/bin/../lib/gcc/arm-none-eabi/7.3.1/thumb/v7e-m/fpv4-sp/hard/crtbegin.o
 *(.init)
 .init          0x000000000800de04        0x4 c:/st/stm32cubeide_1.3.0/stm32cubeide/plugins/com.st.stm32cube.ide.mcu.externaltools.gnu-tools-for-stm32.7-2018-q2-update.win32_1.0.0.201904181610/tools/bin/../lib/gcc/arm-none-eabi/7.3.1/thumb/v7e-m/fpv4-sp/hard/crti.o
                0x000000000800de04                _init
 .init          0x000000000800de08        0x8 c:/st/stm32cubeide_1.3.0/stm32cubeide/plugins/com.st.stm32cube.ide.mcu.externaltools.gnu-tools-for-stm32.7-2018-q2-update.win32_1.0.0.201904181610/tools/bin/../lib/gcc/arm-none-eabi/7.3.1/thumb/v7e-m/fpv4-sp/hard/crtn.o
 *(.fini)
 .fini          0x000000000800de10        0x4 c:/st/stm32cubeide_1.3.0/stm32cubeide/plugins/com.st.stm32cube.ide.mcu.externaltools.gnu-tools-for-stm32.7-2018-q2-update.win32_1.0.0.201904181610/tools/bin/../lib/gcc/arm-none-eabi/7.3.1/thumb/v7e-m/fpv4-sp/hard/crti.o
                0x000000000800de10                _fini
 .fini          0x000000000800de14        0x8 c:/st/stm32cubeide_1.3.0/stm32cubeide/plugins/com.st.stm32cube.ide.mcu.externaltools.gnu-tools-for-stm32.7-2018-q2-update.win32_1.0.0.201904181610/tools/bin/../lib/gcc/arm-none-eabi/7.3.1/thumb/v7e-m/fpv4-sp/hard/crtn.o
                0x000000000800de1c                . = ALIGN (0x4)
                0x000000000800de1c                _etext = .

.vfp11_veneer   0x000000000800de1c        0x0
 .vfp11_veneer  0x000000000800de1c        0x0 linker stubs

.v4_bx          0x000000000800de1c        0x0
 .v4_bx         0x000000000800de1c        0x0 linker stubs

.iplt           0x000000000800de1c        0x0
 .iplt          0x000000000800de1c        0x0 c:/st/stm32cubeide_1.3.0/stm32cubeide/plugins/com.st.stm32cube.ide.mcu.externaltools.gnu-tools-for-stm32.7-2018-q2-update.win32_1.0.0.201904181610/tools/bin/../lib/gcc/arm-none-eabi/7.3.1/thumb/v7e-m/fpv4-sp/hard/crtbegin.o

.rodata         0x000000000800de1c      0x9e8
                0x000000000800de1c                . = ALIGN (0x4)
 *(.rodata)
 .rodata        0x000000000800de1c       0xd5 Core/Src/amw/amw_uart.o
 *fill*         0x000000000800def1        0x3 
 .rodata        0x000000000800def4      0x5e1 Core/Src/main.o
 *fill*         0x000000000800e4d5        0x3 
 .rodata        0x000000000800e4d8       0x17 Core/Src/sgp30.o
 *fill*         0x000000000800e4ef        0x1 
 .rodata        0x000000000800e4f0       0x25 Core/Src/shtc1.o
 *fill*         0x000000000800e515        0x3 
 .rodata        0x000000000800e518       0x1f Core/Src/sm_uart-04l.o
 *fill*         0x000000000800e537        0x1 
 .rodata        0x000000000800e538        0xe Core/Src/svm30.o
 *fill*         0x000000000800e546        0x2 
 .rodata        0x000000000800e548       0xae Core/Src/mqtt/MQTTClient.o
 *fill*         0x000000000800e5f6        0x2 
 .rodata        0x000000000800e5f8        0xf Core/Src/mqtt/MQTTConnectClient.o
 *fill*         0x000000000800e607        0x1 
 .rodata        0x000000000800e608        0xe Drivers/STM32F4xx_HAL_Driver/Src/stm32f4xx_hal_i2c.o
 *fill*         0x000000000800e616        0x2 
 .rodata        0x000000000800e618        0x5 Middlewares/Third_Party/FreeRTOS/Source/tasks.o
 *(.rodata*)
 *fill*         0x000000000800e61d        0x3 
 .rodata.AH_LUT_100RH
                0x000000000800e620       0x28 Core/Src/svm30.o
 .rodata.AHBPrescTable
                0x000000000800e648       0x10 Core/Src/system_stm32f4xx.o
                0x000000000800e648                AHBPrescTable
 .rodata.APBPrescTable
                0x000000000800e658        0x8 Core/Src/system_stm32f4xx.o
                0x000000000800e658                APBPrescTable
 .rodata._global_impure_ptr
                0x000000000800e660        0x4 c:/st/stm32cubeide_1.3.0/stm32cubeide/plugins/com.st.stm32cube.ide.mcu.externaltools.gnu-tools-for-stm32.7-2018-q2-update.win32_1.0.0.201904181610/tools/bin/../lib/gcc/arm-none-eabi/7.3.1/../../../../arm-none-eabi/lib/thumb/v7e-m/fpv4-sp/hard\libc_nano.a(lib_a-impure.o)
                0x000000000800e660                _global_impure_ptr
 .rodata.__sf_fake_stderr
                0x000000000800e664       0x20 c:/st/stm32cubeide_1.3.0/stm32cubeide/plugins/com.st.stm32cube.ide.mcu.externaltools.gnu-tools-for-stm32.7-2018-q2-update.win32_1.0.0.201904181610/tools/bin/../lib/gcc/arm-none-eabi/7.3.1/../../../../arm-none-eabi/lib/thumb/v7e-m/fpv4-sp/hard\libc_nano.a(lib_a-findfp.o)
                0x000000000800e664                __sf_fake_stderr
 .rodata.__sf_fake_stdin
                0x000000000800e684       0x20 c:/st/stm32cubeide_1.3.0/stm32cubeide/plugins/com.st.stm32cube.ide.mcu.externaltools.gnu-tools-for-stm32.7-2018-q2-update.win32_1.0.0.201904181610/tools/bin/../lib/gcc/arm-none-eabi/7.3.1/../../../../arm-none-eabi/lib/thumb/v7e-m/fpv4-sp/hard\libc_nano.a(lib_a-findfp.o)
                0x000000000800e684                __sf_fake_stdin
 .rodata.__sf_fake_stdout
                0x000000000800e6a4       0x20 c:/st/stm32cubeide_1.3.0/stm32cubeide/plugins/com.st.stm32cube.ide.mcu.externaltools.gnu-tools-for-stm32.7-2018-q2-update.win32_1.0.0.201904181610/tools/bin/../lib/gcc/arm-none-eabi/7.3.1/../../../../arm-none-eabi/lib/thumb/v7e-m/fpv4-sp/hard\libc_nano.a(lib_a-findfp.o)
                0x000000000800e6a4                __sf_fake_stdout
 .rodata._setlocale_r.str1.1
                0x000000000800e6c4        0x8 c:/st/stm32cubeide_1.3.0/stm32cubeide/plugins/com.st.stm32cube.ide.mcu.externaltools.gnu-tools-for-stm32.7-2018-q2-update.win32_1.0.0.201904181610/tools/bin/../lib/gcc/arm-none-eabi/7.3.1/../../../../arm-none-eabi/lib/thumb/v7e-m/fpv4-sp/hard\libc_nano.a(lib_a-locale.o)
                                          0x9 (size before relaxing)
 .rodata.str1.1
                0x000000000800e6cc        0x2 c:/st/stm32cubeide_1.3.0/stm32cubeide/plugins/com.st.stm32cube.ide.mcu.externaltools.gnu-tools-for-stm32.7-2018-q2-update.win32_1.0.0.201904181610/tools/bin/../lib/gcc/arm-none-eabi/7.3.1/../../../../arm-none-eabi/lib/thumb/v7e-m/fpv4-sp/hard\libc_nano.a(lib_a-locale.o)
 .rodata._svfprintf_r.str1.1
                0x000000000800e6ce       0x11 c:/st/stm32cubeide_1.3.0/stm32cubeide/plugins/com.st.stm32cube.ide.mcu.externaltools.gnu-tools-for-stm32.7-2018-q2-update.win32_1.0.0.201904181610/tools/bin/../lib/gcc/arm-none-eabi/7.3.1/../../../../arm-none-eabi/lib/thumb/v7e-m/fpv4-sp/hard\libc_nano.a(lib_a-nano-svfprintf.o)
 .rodata._vfprintf_r.str1.1
                0x000000000800e6df       0x11 c:/st/stm32cubeide_1.3.0/stm32cubeide/plugins/com.st.stm32cube.ide.mcu.externaltools.gnu-tools-for-stm32.7-2018-q2-update.win32_1.0.0.201904181610/tools/bin/../lib/gcc/arm-none-eabi/7.3.1/../../../../arm-none-eabi/lib/thumb/v7e-m/fpv4-sp/hard\libc_nano.a(lib_a-nano-vfprintf.o)
 .rodata._printf_i.str1.1