main.c:162:1:__io_putchar	16	static
main.c:180:10:xiaomi_fan_read	8	static
main.c:191:6:setUVState	16	static
main.c:196:6:setIONState	16	static
main.c:201:13:updateAirAQI	72	static
main.c:221:6:updateControlState	72	static
main.c:284:6:init_MQTT	32	static
main.c:336:12:publish	40	static
main.c:350:13:receive_handler	24	static
main.c:469:6:subcribesMQTT	8	static
main.c:506:5:main	128	static
main.c:632:6:SystemClock_Config	88	static
main.c:676:13:MX_I2C1_Init	8	static
main.c:710:13:MX_I2C2_Init	8	static
main.c:744:13:MX_SPI2_Init	8	static
main.c:782:13:MX_SPI3_Init	8	static
main.c:820:13:MX_TIM1_Init	96	static
main.c:894:13:MX_TIM2_Init	64	static
main.c:953:13:MX_TIM5_Init	48	static
main.c:1011:13:MX_USART1_UART_Init	8	static
main.c:1044:13:MX_USART2_UART_Init	8	static
main.c:1077:13:MX_USART6_UART_Init	8	static
main.c:1110:13:MX_GPIO_Init	48	static
main.c:1166:6:HAL_TIM_IC_CaptureCallback	24	static
main.c:1198:6:StartUpdateTask	16	static
main.c:1244:6:StartIR_Task	24	static
main.c:1264:6:StartDisplayTask	24	static
main.c:1285:6:HAL_TIM_PeriodElapsedCallback	16	static
main.c:1302:6:Error_Handler	4	static
